Archive member included to satisfy reference by file (symbol)

/home/evanwu03/ti/simplelink_msp432p4_sdk_3_40_01_02//source/ti/devices/msp432p4xx/driverlib/gcc/msp432p4xx_driverlib.a(cs.o)
                              build/src/main.o (CS_initClockSignal)
/home/evanwu03/ti/simplelink_msp432p4_sdk_3_40_01_02//source/ti/devices/msp432p4xx/driverlib/gcc/msp432p4xx_driverlib.a(dma.o)
                              build/LcdDriver/lcd_st7735.o (DMA_enableModule)
/home/evanwu03/ti/simplelink_msp432p4_sdk_3_40_01_02//source/ti/devices/msp432p4xx/driverlib/gcc/msp432p4xx_driverlib.a(interrupt.o)
                              /home/evanwu03/ti/simplelink_msp432p4_sdk_3_40_01_02//source/ti/devices/msp432p4xx/driverlib/gcc/msp432p4xx_driverlib.a(cs.o) (Interrupt_registerInterrupt)
/home/evanwu03/ti/simplelink_msp432p4_sdk_3_40_01_02//source/ti/devices/msp432p4xx/driverlib/gcc/msp432p4xx_driverlib.a(spi.o)
                              build/LcdDriver/lcd_st7735.o (SPI_getTransmitBufferAddressForDMA)
/home/evanwu03/ti/simplelink_msp432p4_sdk_3_40_01_02//source/ti/devices/msp432p4xx/driverlib/gcc/msp432p4xx_driverlib.a(sysctl_a.o)
                              /home/evanwu03/ti/simplelink_msp432p4_sdk_3_40_01_02//source/ti/devices/msp432p4xx/driverlib/gcc/msp432p4xx_driverlib.a(cs.o) (SysCtl_A_getTLVInfo)
/home/evanwu03/ti/simplelink_msp432p4_sdk_3_40_01_02//source/ti/devices/msp432p4xx/driverlib/gcc/msp432p4xx_driverlib.a(cpu.o)
                              /home/evanwu03/ti/simplelink_msp432p4_sdk_3_40_01_02//source/ti/devices/msp432p4xx/driverlib/gcc/msp432p4xx_driverlib.a(interrupt.o) (CPU_cpsid)
/usr/lib/gcc/arm-none-eabi/13.2.1/../../../arm-none-eabi/lib/thumb/v7e-m+fp/hard/libc_nano.a(libc_a-init.o)
                              /usr/lib/gcc/arm-none-eabi/13.2.1/../../../arm-none-eabi/lib/thumb/v7e-m+fp/hard/crt0.o (__libc_init_array)
/usr/lib/gcc/arm-none-eabi/13.2.1/../../../arm-none-eabi/lib/thumb/v7e-m+fp/hard/libc_nano.a(libc_a-memset.o)
                              /usr/lib/gcc/arm-none-eabi/13.2.1/../../../arm-none-eabi/lib/thumb/v7e-m+fp/hard/crt0.o (memset)
/usr/lib/gcc/arm-none-eabi/13.2.1/../../../arm-none-eabi/lib/thumb/v7e-m+fp/hard/libc_nano.a(libc_a-exit.o)
                              /usr/lib/gcc/arm-none-eabi/13.2.1/../../../arm-none-eabi/lib/thumb/v7e-m+fp/hard/crt0.o (exit)
/usr/lib/gcc/arm-none-eabi/13.2.1/../../../arm-none-eabi/lib/thumb/v7e-m+fp/hard/libc_nano.a(libc_a-atexit.o)
                              /usr/lib/gcc/arm-none-eabi/13.2.1/../../../arm-none-eabi/lib/thumb/v7e-m+fp/hard/crt0.o (atexit)
/usr/lib/gcc/arm-none-eabi/13.2.1/../../../arm-none-eabi/lib/thumb/v7e-m+fp/hard/libc_nano.a(libc_a-fini.o)
                              /usr/lib/gcc/arm-none-eabi/13.2.1/../../../arm-none-eabi/lib/thumb/v7e-m+fp/hard/crt0.o (__libc_fini_array)
/usr/lib/gcc/arm-none-eabi/13.2.1/../../../arm-none-eabi/lib/thumb/v7e-m+fp/hard/libc_nano.a(libc_a-findfp.o)
                              /usr/lib/gcc/arm-none-eabi/13.2.1/../../../arm-none-eabi/lib/thumb/v7e-m+fp/hard/libc_nano.a(libc_a-exit.o) (__stdio_exit_handler)
/usr/lib/gcc/arm-none-eabi/13.2.1/../../../arm-none-eabi/lib/thumb/v7e-m+fp/hard/libc_nano.a(libc_a-fflush.o)
                              /usr/lib/gcc/arm-none-eabi/13.2.1/../../../arm-none-eabi/lib/thumb/v7e-m+fp/hard/libc_nano.a(libc_a-findfp.o) (_fflush_r)
/usr/lib/gcc/arm-none-eabi/13.2.1/../../../arm-none-eabi/lib/thumb/v7e-m+fp/hard/libc_nano.a(libc_a-mallocr.o)
                              /usr/lib/gcc/arm-none-eabi/13.2.1/../../../arm-none-eabi/lib/thumb/v7e-m+fp/hard/libc_nano.a(libc_a-findfp.o) (_malloc_r)
/usr/lib/gcc/arm-none-eabi/13.2.1/../../../arm-none-eabi/lib/thumb/v7e-m+fp/hard/libc_nano.a(libc_a-freer.o)
                              /usr/lib/gcc/arm-none-eabi/13.2.1/../../../arm-none-eabi/lib/thumb/v7e-m+fp/hard/libc_nano.a(libc_a-fflush.o) (_free_r)
/usr/lib/gcc/arm-none-eabi/13.2.1/../../../arm-none-eabi/lib/thumb/v7e-m+fp/hard/libc_nano.a(libc_a-fwalk.o)
                              /usr/lib/gcc/arm-none-eabi/13.2.1/../../../arm-none-eabi/lib/thumb/v7e-m+fp/hard/libc_nano.a(libc_a-findfp.o) (_fwalk_sglue)
/usr/lib/gcc/arm-none-eabi/13.2.1/../../../arm-none-eabi/lib/thumb/v7e-m+fp/hard/libc_nano.a(libc_a-__atexit.o)
                              /usr/lib/gcc/arm-none-eabi/13.2.1/../../../arm-none-eabi/lib/thumb/v7e-m+fp/hard/libc_nano.a(libc_a-atexit.o) (__register_exitproc)
/usr/lib/gcc/arm-none-eabi/13.2.1/../../../arm-none-eabi/lib/thumb/v7e-m+fp/hard/libc_nano.a(libc_a-mlock.o)
                              /usr/lib/gcc/arm-none-eabi/13.2.1/../../../arm-none-eabi/lib/thumb/v7e-m+fp/hard/libc_nano.a(libc_a-mallocr.o) (__malloc_lock)
/usr/lib/gcc/arm-none-eabi/13.2.1/../../../arm-none-eabi/lib/thumb/v7e-m+fp/hard/libc_nano.a(libc_a-sbrkr.o)
                              /usr/lib/gcc/arm-none-eabi/13.2.1/../../../arm-none-eabi/lib/thumb/v7e-m+fp/hard/libc_nano.a(libc_a-mallocr.o) (_sbrk_r)
[...]
Memory Configuration

Name             Origin             Length             Attributes
MAIN_FLASH       0x00000000         0x00040000         xr
INFO_FLASH       0x00200000         0x00004000         xr
SRAM_CODE        0x01000000         0x00010000         xrw
SRAM_DATA        0x20000000         0x00010000         rw
*default*        0x00000000         0xffffffff

Linker script and memory map

LOAD /usr/lib/gcc/arm-none-eabi/13.2.1/thumb/v7e-m+fp/hard/crti.o
LOAD /usr/lib/gcc/arm-none-eabi/13.2.1/thumb/v7e-m+fp/hard/crtbegin.o
LOAD /usr/lib/gcc/arm-none-eabi/13.2.1/../../../arm-none-eabi/lib/thumb/v7e-m+fp/hard/crt0.o
LOAD build/src/main.o
LOAD build/src/system_msp432p401r.o
LOAD build/src/video.o
LOAD build/src/video_fsm.o
LOAD build/gcc/startup_msp432p401r_gcc.o
LOAD build/LcdDriver/hal_lcd_msp432.o
LOAD build/LcdDriver/lcd_st7735.o
LOAD build/hal/msp432/gpio_msp432.o
LOAD build/hal/msp432/spi_msp432.o
LOAD build/hal/msp432/uart_msp432.o
LOAD build/hal/msp432/wdt_msp432.o
                0x00000000                        PROVIDE (_intvecs_base_address = DEFINED (_intvecs_base_address)?_intvecs_base_address:0x0)

.intvecs        0x00000000       0xe4
 *(.intvecs)
 .intvecs       0x00000000       0xe4 build/gcc/startup_msp432p401r_gcc.o
                0x00000000                interruptVectors
                0x00200000                        PROVIDE (_mailbox_base_address = 0x200000)

.flashMailbox
 *(.flashMailbox)
                0x00201000                        PROVIDE (_tlv_base_address = 0x201000)

.tlvTable
 *(.tlvTable)
                0x00202000                        PROVIDE (_bsl_base_address = 0x202000)

.bslArea
 *(.bslArea)
                0x20000000                        PROVIDE (_vtable_base_address = DEFINED (_vtable_base_address)?_vtable_base_address:0x20000000)

.vtable
 *(.vtable)

.text           0x000000e4     0x2748
 CREATE_OBJECT_SYMBOLS
 *(.text)
 .text          0x000000e4        0x0 /usr/lib/gcc/arm-none-eabi/13.2.1/thumb/v7e-m+fp/hard/crti.o
 .text          0x000000e4       0x88 /usr/lib/gcc/arm-none-eabi/13.2.1/thumb/v7e-m+fp/hard/crtbegin.o
 .text          0x0000016c       0x70 /usr/lib/gcc/arm-none-eabi/13.2.1/../../../arm-none-eabi/lib/thumb/v7e-m+fp/hard/crt0.o
                0x0000016c                _stack_init
                0x00000174                _mainCRTStartup
                0x00000174                _start
 .text          0x000001dc        0x0 build/src/main.o
 .text          0x000001dc        0x0 build/src/system_msp432p401r.o
 .text          0x000001dc        0x0 build/src/video.o
 .text          0x000001dc        0x0 build/src/video_fsm.o
 .text          0x000001dc        0x0 build/gcc/startup_msp432p401r_gcc.o
 .text          0x000001dc        0x0 build/LcdDriver/hal_lcd_msp432.o
 .text          0x000001dc        0x0 build/LcdDriver/lcd_st7735.o
 .text          0x000001dc        0x0 build/hal/msp432/gpio_msp432.o
 .text          0x000001dc        0x0 build/hal/msp432/spi_msp432.o
 .text          0x000001dc        0x0 build/hal/msp432/uart_msp432.o
 .text          0x000001dc        0x0 build/hal/msp432/wdt_msp432.o
 .text          0x000001dc        0x0 /home/evanwu03/ti/simplelink_msp432p4_sdk_3_40_01_02//source/ti/devices/msp432p4xx/driverlib/gcc/msp432p4xx_driverlib.a(cs.o)
 .text          0x000001dc        0x0 /home/evanwu03/ti/simplelink_msp432p4_sdk_3_40_01_02//source/ti/devices/msp432p4xx/driverlib/gcc/msp432p4xx_driverlib.a(dma.o)
 .text          0x000001dc        0x0 /home/evanwu03/ti/simplelink_msp432p4_sdk_3_40_01_02//source/ti/devices/msp432p4xx/driverlib/gcc/msp432p4xx_driverlib.a(interrupt.o)
 .text          0x000001dc        0x0 /home/evanwu03/ti/simplelink_msp432p4_sdk_3_40_01_02//source/ti/devices/msp432p4xx/driverlib/gcc/msp432p4xx_driverlib.a(spi.o)
 .text          0x000001dc        0x0 /home/evanwu03/ti/simplelink_msp432p4_sdk_3_40_01_02//source/ti/devices/msp432p4xx/driverlib/gcc/msp432p4xx_driverlib.a(sysctl_a.o)
 .text          0x000001dc        0x0 /home/evanwu03/ti/simplelink_msp432p4_sdk_3_40_01_02//source/ti/devices/msp432p4xx/driverlib/gcc/msp432p4xx_driverlib.a(cpu.o)
 .text          0x000001dc       0x50 /usr/lib/gcc/arm-none-eabi/13.2.1/../../../arm-none-eabi/lib/thumb/v7e-m+fp/hard/libc_nano.a(libc_a-init.o)
                0x000001dc                __libc_init_array
 .text          0x0000022c       0xa4 /usr/lib/gcc/arm-none-eabi/13.2.1/../../../arm-none-eabi/lib/thumb/v7e-m+fp/hard/libc_nano.a(libc_a-memset.o)
                0x0000022c                memset
 .text          0x000002d0       0x24 /usr/lib/gcc/arm-none-eabi/13.2.1/../../../arm-none-eabi/lib/thumb/v7e-m+fp/hard/libc_nano.a(libc_a-exit.o)
                0x000002d0                exit
 .text          0x000002f4        0xc /usr/lib/gcc/arm-none-eabi/13.2.1/../../../arm-none-eabi/lib/thumb/v7e-m+fp/hard/libc_nano.a(libc_a-atexit.o)
                0x000002f4                atexit
 .text          0x00000300       0x28 /usr/lib/gcc/arm-none-eabi/13.2.1/../../../arm-none-eabi/lib/thumb/v7e-m+fp/hard/libc_nano.a(libc_a-fini.o)
                0x00000300                __libc_fini_array
 .text          0x00000328      0x224 /usr/lib/gcc/arm-none-eabi/13.2.1/../../../arm-none-eabi/lib/thumb/v7e-m+fp/hard/libc_nano.a(libc_a-findfp.o)
                0x00000458                __sfp
                0x000004fc                __sinit
                0x0000051c                __sfp_lock_acquire
                0x00000520                __sfp_lock_release
                0x00000524                __fp_lock_all
                0x00000538                __fp_unlock_all
 .text          0x0000054c      0x1a8 /usr/lib/gcc/arm-none-eabi/13.2.1/../../../arm-none-eabi/lib/thumb/v7e-m+fp/hard/libc_nano.a(libc_a-fflush.o)
                0x0000054c                __sflush_r
                0x00000670                _fflush_r
                0x000006a8                fflush
 .text          0x000006f4      0x148 /usr/lib/gcc/arm-none-eabi/13.2.1/../../../arm-none-eabi/lib/thumb/v7e-m+fp/hard/libc_nano.a(libc_a-mallocr.o)
                0x0000073c                _malloc_r
 .text          0x0000083c       0xbc /usr/lib/gcc/arm-none-eabi/13.2.1/../../../arm-none-eabi/lib/thumb/v7e-m+fp/hard/libc_nano.a(libc_a-freer.o)
                0x0000083c                _free_r
 .text          0x000008f8       0x44 /usr/lib/gcc/arm-none-eabi/13.2.1/../../../arm-none-eabi/lib/thumb/v7e-m+fp/hard/libc_nano.a(libc_a-fwalk.o)
                0x000008f8                _fwalk_sglue
 .text          0x0000093c       0xac /usr/lib/gcc/arm-none-eabi/13.2.1/../../../arm-none-eabi/lib/thumb/v7e-m+fp/hard/libc_nano.a(libc_a-__atexit.o)
                0x0000093c                __register_exitproc
 .text          0x000009e8        0x8 /usr/lib/gcc/arm-none-eabi/13.2.1/../../../arm-none-eabi/lib/thumb/v7e-m+fp/hard/libc_nano.a(libc_a-mlock.o)
                0x000009e8                __malloc_lock
                0x000009ec                __malloc_unlock
 .text          0x000009f0       0x24 /usr/lib/gcc/arm-none-eabi/13.2.1/../../../arm-none-eabi/lib/thumb/v7e-m+fp/hard/libc_nano.a(libc_a-sbrkr.o)
                0x000009f0                _sbrk_r
 .text          0x00000a14       0x94 /usr/lib/gcc/arm-none-eabi/13.2.1/../../../arm-none-eabi/lib/thumb/v7e-m+fp/hard/libc_nano.a(libc_a-stdio.o)
                0x00000a14                __sread
                0x00000a38                __seofread
                0x00000a3c                __swrite
                0x00000a7c                __sseek
                0x00000aa0                __sclose
 .text          0x00000aa8        0x0 /usr/lib/gcc/arm-none-eabi/13.2.1/../../../arm-none-eabi/lib/thumb/v7e-m+fp/hard/libc_nano.a(libc_a-impure.o)
 .text          0x00000aa8       0x24 /usr/lib/gcc/arm-none-eabi/13.2.1/../../../arm-none-eabi/lib/thumb/v7e-m+fp/hard/libc_nano.a(libc_a-closer.o)
                0x00000aa8                _close_r
 .text          0x00000acc       0xc4 /usr/lib/gcc/arm-none-eabi/13.2.1/../../../arm-none-eabi/lib/thumb/v7e-m+fp/hard/libc_nano.a(libc_a-__call_atexit.o)
                0x00000acc                __call_exitprocs
 .text          0x00000b90       0x2c /usr/lib/gcc/arm-none-eabi/13.2.1/../../../arm-none-eabi/lib/thumb/v7e-m+fp/hard/libc_nano.a(libc_a-readr.o)
                0x00000b90                _read_r
 .text          0x00000bbc       0xd4 /usr/lib/gcc/arm-none-eabi/13.2.1/../../../arm-none-eabi/lib/thumb/v7e-m+fp/hard/libc_nano.a(libc_a-reent.o)
                0x00000bbc                _reclaim_reent
 .text          0x00000c90       0x2c /usr/lib/gcc/arm-none-eabi/13.2.1/../../../arm-none-eabi/lib/thumb/v7e-m+fp/hard/libc_nano.a(libc_a-lseekr.o)
                0x00000c90                _lseek_r
 .text          0x00000cbc       0x2c /usr/lib/gcc/arm-none-eabi/13.2.1/../../../arm-none-eabi/lib/thumb/v7e-m+fp/hard/libc_nano.a(libc_a-writer.o)
                0x00000cbc                _write_r
 .text          0x00000ce8       0x10 /usr/lib/gcc/arm-none-eabi/13.2.1/../../../arm-none-eabi/lib/thumb/v7e-m+fp/hard/libnosys.a(close.o)
                0x00000ce8                _close
 .text          0x00000cf8       0x10 /usr/lib/gcc/arm-none-eabi/13.2.1/../../../arm-none-eabi/lib/thumb/v7e-m+fp/hard/libnosys.a(lseek.o)
                0x00000cf8                _lseek
 .text          0x00000d08       0x10 /usr/lib/gcc/arm-none-eabi/13.2.1/../../../arm-none-eabi/lib/thumb/v7e-m+fp/hard/libnosys.a(read.o)
                0x00000d08                _read
 .text          0x00000d18       0x1c /usr/lib/gcc/arm-none-eabi/13.2.1/../../../arm-none-eabi/lib/thumb/v7e-m+fp/hard/libnosys.a(sbrk.o)
                0x00000d18                _sbrk
 .text          0x00000d34       0x10 /usr/lib/gcc/arm-none-eabi/13.2.1/../../../arm-none-eabi/lib/thumb/v7e-m+fp/hard/libnosys.a(write.o)
                0x00000d34                _write
 .text          0x00000d44        0x4 /usr/lib/gcc/arm-none-eabi/13.2.1/../../../arm-none-eabi/lib/thumb/v7e-m+fp/hard/libnosys.a(_exit.o)
                0x00000d44                _exit
 .text          0x00000d48        0x0 /usr/lib/gcc/arm-none-eabi/13.2.1/thumb/v7e-m+fp/hard/crtend.o
 .text          0x00000d48        0x0 /usr/lib/gcc/arm-none-eabi/13.2.1/thumb/v7e-m+fp/hard/crtn.o
 *(.text.*)
 .text.main     0x00000d48       0xb4 build/src/main.o
                0x00000d48                main
 .text.SystemInit
                0x00000dfc       0x80 build/src/system_msp432p401r.o
                0x00000dfc                SystemInit
 .text.video_init
                0x00000e7c       0x8a build/src/video.o
                0x00000e7c                video_init
 .text.video_set_frame_buffer
                0x00000f06       0x30 build/src/video.o
                0x00000f06                video_set_frame_buffer
 .text.video_set_delta_buffer
                0x00000f36       0x30 build/src/video.o
                0x00000f36                video_set_delta_buffer
 .text.video_set_tx_buffer
                0x00000f66       0x38 build/src/video.o
                0x00000f66                video_set_tx_buffer
 .text.video_build_lut
                0x00000f9e       0x44 build/src/video.o
                0x00000f9e                video_build_lut
 .text.rle_decode_frame
                0x00000fe2       0xe2 build/src/video.o
                0x00000fe2                rle_decode_frame
 .text.delta_decode_frame
                0x000010c4       0x5a build/src/video.o
                0x000010c4                delta_decode_frame
 .text.video_prepare_tx_line
                0x0000111e       0xb8 build/src/video.o
                0x0000111e                video_prepare_tx_line
 .text.pack_bgr565
                0x000011d6       0x4e build/src/video.o
                0x000011d6                pack_bgr565
 .text.parse_stream_header
                0x00001224      0x126 build/src/video.o
                0x00001224                parse_stream_header
 .text.parse_palette
                0x0000134a       0xb4 build/src/video.o
                0x0000134a                parse_palette
 .text.video_sm_init
                0x000013fe       0x20 build/src/video_fsm.o
                0x000013fe                video_sm_init
 *fill*         0x0000141e        0x2 
 .text.video_sm_run
                0x00001420       0x24 build/src/video_fsm.o
                0x00001420                video_sm_run
 .text.video_sm_transition
                0x00001444       0x26 build/src/video_fsm.o
                0x00001444                video_sm_transition
 .text.video_state_idle
                0x0000146a       0x20 build/src/video_fsm.o
                0x0000146a                video_state_idle
 .text.video_state_parse_header
                0x0000148a       0x68 build/src/video_fsm.o
                0x0000148a                video_state_parse_header
 .text.video_state_decode
                0x000014f2       0x72 build/src/video_fsm.o
                0x000014f2                video_state_decode
 .text.video_state_transmit
                0x00001564       0x98 build/src/video_fsm.o
                0x00001564                video_state_transmit
 .text.Reset_Handler
                0x000015fc       0x44 build/gcc/startup_msp432p401r_gcc.o
                0x000015fc                Reset_Handler
 .text.Default_Handler
                0x00001640        0x8 build/gcc/startup_msp432p401r_gcc.o
                0x00001640                CS_IRQHandler
                0x00001640                DebugMon_Handler
                0x00001640                AES256_IRQHandler
                0x00001640                HardFault_Handler
                0x00001640                SysTick_Handler
                0x00001640                PendSV_Handler
                0x00001640                NMI_Handler
                0x00001640                RTC_C_IRQHandler
                0x00001640                PORT1_IRQHandler
                0x00001640                FPU_IRQHandler
                0x00001640                PORT2_IRQHandler
                0x00001640                TA3_0_IRQHandler
                0x00001640                UsageFault_Handler
                0x00001640                DMA_INT3_IRQHandler
                0x00001640                TA2_0_IRQHandler
                0x00001640                WDT_A_IRQHandler
                0x00001640                TA2_N_IRQHandler
                0x00001640                TA1_0_IRQHandler
                0x00001640                PSS_IRQHandler
                0x00001640                DMA_INT2_IRQHandler
                0x00001640                EUSCIA3_IRQHandler
                0x00001640                DMA_INT0_IRQHandler
                0x00001640                PORT4_IRQHandler
                0x00001640                PORT5_IRQHandler
                0x00001640                EUSCIB0_IRQHandler
                0x00001640                Default_Handler
                0x00001640                T32_INTC_IRQHandler
                0x00001640                TA3_N_IRQHandler
                0x00001640                TA0_0_IRQHandler
                0x00001640                EUSCIA2_IRQHandler
                0x00001640                PORT6_IRQHandler
                0x00001640                PORT3_IRQHandler
                0x00001640                MemManage_Handler
                0x00001640                SVC_Handler
                0x00001640                TA1_N_IRQHandler
                0x00001640                EUSCIA1_IRQHandler
                0x00001640                COMP_E1_IRQHandler
                0x00001640                EUSCIB2_IRQHandler
                0x00001640                FLCTL_IRQHandler
                0x00001640                EUSCIB3_IRQHandler
                0x00001640                T32_INT1_IRQHandler
                0x00001640                DMA_ERR_IRQHandler
                0x00001640                ADC14_IRQHandler
                0x00001640                EUSCIA0_IRQHandler
                0x00001640                BusFault_Handler
                0x00001640                PCM_IRQHandler
                0x00001640                TA0_N_IRQHandler
                0x00001640                COMP_E0_IRQHandler
                0x00001640                EUSCIB1_IRQHandler
                0x00001640                T32_INT2_IRQHandler
 .text.HAL_LCD_PORT_init
                0x00001648       0x6c build/LcdDriver/hal_lcd_msp432.o
                0x00001648                HAL_LCD_PORT_init
 .text.HAL_LCD_SPI_init
                0x000016b4       0x38 build/LcdDriver/hal_lcd_msp432.o
                0x000016b4                HAL_LCD_SPI_init
 .text.HAL_LCD_write_command
                0x000016ec       0x38 build/LcdDriver/hal_lcd_msp432.o
                0x000016ec                HAL_LCD_write_command
 .text.HAL_LCD_write_data
                0x00001724       0x38 build/LcdDriver/hal_lcd_msp432.o
                0x00001724                HAL_LCD_write_data
 .text.HAL_LCD_delay
                0x0000175c       0x24 build/LcdDriver/hal_lcd_msp432.o
                0x0000175c                HAL_LCD_delay
 .text.lcd_init
                0x00001780       0xf8 build/LcdDriver/lcd_st7735.o
                0x00001780                lcd_init
 .text.lcd_set_window
                0x00001878       0xd0 build/LcdDriver/lcd_st7735.o
                0x00001878                lcd_set_window
 .text.lcd_dma_init
                0x00001948       0x44 build/LcdDriver/lcd_st7735.o
                0x00001948                lcd_dma_init
 .text.lcd_tx_pixels_dma
                0x0000198c       0x5c build/LcdDriver/lcd_st7735.o
                0x0000198c                lcd_tx_pixels_dma
 .text.lcd_ramwr
                0x000019e8       0x28 build/LcdDriver/lcd_st7735.o
                0x000019e8                lcd_ramwr
 .text.lcd_clear_screen
                0x00001a10       0x48 build/LcdDriver/lcd_st7735.o
                0x00001a10                lcd_clear_screen
 .text.DMA_INT1_IRQHandler
                0x00001a58       0x40 build/LcdDriver/lcd_st7735.o
                0x00001a58                DMA_INT1_IRQHandler
 .text.gpio_init_output
                0x00001a98       0x9a build/hal/msp432/gpio_msp432.o
                0x00001a98                gpio_init_output
 .text.gpio_write
                0x00001b32       0x9a build/hal/msp432/gpio_msp432.o
                0x00001b32                gpio_write
 .text.gpio_port_is_odd
                0x00001bcc       0x2c build/hal/msp432/gpio_msp432.o
 .text.gpio_set_function
                0x00001bf8      0x1ec build/hal/msp432/gpio_msp432.o
                0x00001bf8                gpio_set_function
 .text.spi_initModule
                0x00001de4       0x88 build/hal/msp432/spi_msp432.o
                0x00001de4                spi_initModule
 .text.spi_enableModule
                0x00001e6c       0x24 build/hal/msp432/spi_msp432.o
                0x00001e6c                spi_enableModule
 .text.spi_sendByte
                0x00001e90       0x30 build/hal/msp432/spi_msp432.o
                0x00001e90                spi_sendByte
 .text.uart_initModule
                0x00001ec0       0xaa build/hal/msp432/uart_msp432.o
                0x00001ec0                uart_initModule
 .text.uart_enableModule
                0x00001f6a       0x24 build/hal/msp432/uart_msp432.o
                0x00001f6a                uart_enableModule
 *fill*         0x00001f8e        0x2 
 .text.CS_initClockSignal
                0x00001f90      0x164 /home/evanwu03/ti/simplelink_msp432p4_sdk_3_40_01_02//source/ti/devices/msp432p4xx/driverlib/gcc/msp432p4xx_driverlib.a(cs.o)
                0x00001f90                CS_initClockSignal
 .text.CS_setDCOCenteredFrequency
                0x000020f4       0x3c /home/evanwu03/ti/simplelink_msp432p4_sdk_3_40_01_02//source/ti/devices/msp432p4xx/driverlib/gcc/msp432p4xx_driverlib.a(cs.o)
                0x000020f4                CS_setDCOCenteredFrequency
 .text.DMA_enableModule
                0x00002130       0x18 /home/evanwu03/ti/simplelink_msp432p4_sdk_3_40_01_02//source/ti/devices/msp432p4xx/driverlib/gcc/msp432p4xx_driverlib.a(dma.o)
                0x00002130                DMA_enableModule
 .text.DMA_enableChannel
                0x00002148       0x28 /home/evanwu03/ti/simplelink_msp432p4_sdk_3_40_01_02//source/ti/devices/msp432p4xx/driverlib/gcc/msp432p4xx_driverlib.a(dma.o)
                0x00002148                DMA_enableChannel
 .text.DMA_setControlBase
                0x00002170       0x20 /home/evanwu03/ti/simplelink_msp432p4_sdk_3_40_01_02//source/ti/devices/msp432p4xx/driverlib/gcc/msp432p4xx_driverlib.a(dma.o)
                0x00002170                DMA_setControlBase
 .text.DMA_setChannelControl
                0x00002190       0x48 /home/evanwu03/ti/simplelink_msp432p4_sdk_3_40_01_02//source/ti/devices/msp432p4xx/driverlib/gcc/msp432p4xx_driverlib.a(dma.o)
                0x00002190                DMA_setChannelControl
 .text.DMA_setChannelTransfer
                0x000021d8      0x104 /home/evanwu03/ti/simplelink_msp432p4_sdk_3_40_01_02//source/ti/devices/msp432p4xx/driverlib/gcc/msp432p4xx_driverlib.a(dma.o)
                0x000021d8                DMA_setChannelTransfer
 .text.DMA_assignChannel
                0x000022dc      0x2f0 /home/evanwu03/ti/simplelink_msp432p4_sdk_3_40_01_02//source/ti/devices/msp432p4xx/driverlib/gcc/msp432p4xx_driverlib.a(dma.o)
                0x000022dc                DMA_assignChannel
 .text.DMA_assignInterrupt
                0x000025cc       0x70 /home/evanwu03/ti/simplelink_msp432p4_sdk_3_40_01_02//source/ti/devices/msp432p4xx/driverlib/gcc/msp432p4xx_driverlib.a(dma.o)
                0x000025cc                DMA_assignInterrupt
 .text.DMA_clearInterruptFlag
                0x0000263c       0x30 /home/evanwu03/ti/simplelink_msp432p4_sdk_3_40_01_02//source/ti/devices/msp432p4xx/driverlib/gcc/msp432p4xx_driverlib.a(dma.o)
                0x0000263c                DMA_clearInterruptFlag
 .text.DMA_enableInterrupt
                0x0000266c       0x60 /home/evanwu03/ti/simplelink_msp432p4_sdk_3_40_01_02//source/ti/devices/msp432p4xx/driverlib/gcc/msp432p4xx_driverlib.a(dma.o)
                0x0000266c                DMA_enableInterrupt
 .text.Interrupt_enableInterrupt
                0x000026cc       0x94 /home/evanwu03/ti/simplelink_msp432p4_sdk_3_40_01_02//source/ti/devices/msp432p4xx/driverlib/gcc/msp432p4xx_driverlib.a(interrupt.o)
                0x000026cc                Interrupt_enableInterrupt
 .text.is_A_Module
                0x00002760       0x4c /home/evanwu03/ti/simplelink_msp432p4_sdk_3_40_01_02//source/ti/devices/msp432p4xx/driverlib/gcc/msp432p4xx_driverlib.a(spi.o)
 .text.SPI_getTransmitBufferAddressForDMA
                0x000027ac       0x2e /home/evanwu03/ti/simplelink_msp432p4_sdk_3_40_01_02//source/ti/devices/msp432p4xx/driverlib/gcc/msp432p4xx_driverlib.a(spi.o)
                0x000027ac                SPI_getTransmitBufferAddressForDMA
 .text.EUSCI_B_SPI_getTransmitBufferAddressForDMA
                0x000027da       0x18 /home/evanwu03/ti/simplelink_msp432p4_sdk_3_40_01_02//source/ti/devices/msp432p4xx/driverlib/gcc/msp432p4xx_driverlib.a(spi.o)
                0x000027da                EUSCI_B_SPI_getTransmitBufferAddressForDMA
 .text.EUSCI_A_SPI_getTransmitBufferAddressForDMA
                0x000027f2       0x18 /home/evanwu03/ti/simplelink_msp432p4_sdk_3_40_01_02//source/ti/devices/msp432p4xx/driverlib/gcc/msp432p4xx_driverlib.a(spi.o)
                0x000027f2                EUSCI_A_SPI_getTransmitBufferAddressForDMA
                0x0000280c                        . = ALIGN (0x4)
 *fill*         0x0000280a        0x2 
 *(.ctors)
                0x0000280c                        . = ALIGN (0x4)
 *(.dtors)
                0x0000280c                        . = ALIGN (0x4)
                0x0000280c                        __init_array_start = .
 *(.init_array*)
 .init_array    0x0000280c        0x4 /usr/lib/gcc/arm-none-eabi/13.2.1/thumb/v7e-m+fp/hard/crtbegin.o
                0x00002810                        __init_array_end = .
 *(.init)
 .init          0x00002810        0x4 /usr/lib/gcc/arm-none-eabi/13.2.1/thumb/v7e-m+fp/hard/crti.o
                0x00002810                _init
 .init          0x00002814        0x8 /usr/lib/gcc/arm-none-eabi/13.2.1/thumb/v7e-m+fp/hard/crtn.o
 *(.fini*)
 .fini          0x0000281c        0x4 /usr/lib/gcc/arm-none-eabi/13.2.1/thumb/v7e-m+fp/hard/crti.o
                0x0000281c                _fini
 .fini_array    0x00002820        0x4 /usr/lib/gcc/arm-none-eabi/13.2.1/thumb/v7e-m+fp/hard/crtbegin.o
 .fini          0x00002824        0x8 /usr/lib/gcc/arm-none-eabi/13.2.1/thumb/v7e-m+fp/hard/crtn.o

.glue_7         0x0000282c        0x0
 .glue_7        0x0000282c        0x0 linker stubs

.glue_7t        0x0000282c        0x0
 .glue_7t       0x0000282c        0x0 linker stubs

.vfp11_veneer   0x0000282c        0x0
 .vfp11_veneer  0x0000282c        0x0 linker stubs

.v4_bx          0x0000282c        0x0
 .v4_bx         0x0000282c        0x0 linker stubs

.iplt           0x0000282c        0x0
 .iplt          0x0000282c        0x0 /usr/lib/gcc/arm-none-eabi/13.2.1/thumb/v7e-m+fp/hard/crtbegin.o

.rodata         0x0000282c    0x3a8e4
 *(.rodata)
 *(.rodata.*)
 .rodata.UART_A0_config
                0x0000282c       0x18 build/src/main.o
 .rodata.video_stream
                0x00002844    0x3a8a5 build/src/video.o
                0x00002844                video_stream
 *fill*         0x0003d0e9        0x3 
 .rodata.state_handlers
                0x0003d0ec       0x10 build/src/video_fsm.o
 .rodata.spi_config
                0x0003d0fc        0xc build/LcdDriver/hal_lcd_msp432.o
 .rodata.g_pulEnRegs
                0x0003d108        0x8 /home/evanwu03/ti/simplelink_msp432p4_sdk_3_40_01_02//source/ti/devices/msp432p4xx/driverlib/gcc/msp432p4xx_driverlib.a(interrupt.o)

.eh_frame       0x0003d110        0x0
 .eh_frame      0x0003d110        0x0 /usr/lib/gcc/arm-none-eabi/13.2.1/thumb/v7e-m+fp/hard/crtbegin.o

.ARM.exidx      0x0003d110        0x8
                0x0003d110                        __exidx_start = .
 *(.ARM.exidx* .gnu.linkonce.armexidx.*)
 .ARM.exidx     0x0003d110        0x8 /usr/lib/gcc/arm-none-eabi/13.2.1/../../../arm-none-eabi/lib/thumb/v7e-m+fp/hard/crt0.o
                                 0x10 (size before relaxing)
                0x0003d118                        __exidx_end = .

.ARM.extab      0x0003d118        0x0
 *(.ARM.extab* .gnu.linkonce.armextab.*)
 .ARM.extab     0x0003d118        0x0 /usr/lib/gcc/arm-none-eabi/13.2.1/../../../arm-none-eabi/lib/thumb/v7e-m+fp/hard/crt0.o
                0x0003d118                        __etext = .

.rel.dyn        0x0003d118        0x0
 .rel.iplt      0x0003d118        0x0 /usr/lib/gcc/arm-none-eabi/13.2.1/thumb/v7e-m+fp/hard/crtbegin.o

.data           0x20000000       0x70 load address 0x0003d118
                0x0003d118                        __data_load__ = LOADADDR (.data)
                0x20000000                        __data_start__ = .
 *(.data)
 .data          0x20000000        0x0 /usr/lib/gcc/arm-none-eabi/13.2.1/thumb/v7e-m+fp/hard/crti.o
 .data          0x20000000        0x4 /usr/lib/gcc/arm-none-eabi/13.2.1/thumb/v7e-m+fp/hard/crtbegin.o
                0x20000000                __dso_handle
 .data          0x20000004        0x0 /usr/lib/gcc/arm-none-eabi/13.2.1/../../../arm-none-eabi/lib/thumb/v7e-m+fp/hard/crt0.o
 .data          0x20000004        0x0 build/src/main.o
 .data          0x20000004        0x0 build/src/system_msp432p401r.o
 .data          0x20000004        0x0 build/src/video.o
 .data          0x20000004        0x0 build/src/video_fsm.o
 .data          0x20000004        0x0 build/gcc/startup_msp432p401r_gcc.o
 .data          0x20000004        0x0 build/LcdDriver/hal_lcd_msp432.o
 .data          0x20000004        0x0 build/LcdDriver/lcd_st7735.o
 .data          0x20000004        0x0 build/hal/msp432/gpio_msp432.o
 .data          0x20000004        0x0 build/hal/msp432/spi_msp432.o
 .data          0x20000004        0x0 build/hal/msp432/uart_msp432.o
 .data          0x20000004        0x0 build/hal/msp432/wdt_msp432.o
 .data          0x20000004        0x0 /home/evanwu03/ti/simplelink_msp432p4_sdk_3_40_01_02//source/ti/devices/msp432p4xx/driverlib/gcc/msp432p4xx_driverlib.a(cs.o)
 .data          0x20000004        0x0 /home/evanwu03/ti/simplelink_msp432p4_sdk_3_40_01_02//source/ti/devices/msp432p4xx/driverlib/gcc/msp432p4xx_driverlib.a(dma.o)
 .data          0x20000004        0x0 /home/evanwu03/ti/simplelink_msp432p4_sdk_3_40_01_02//source/ti/devices/msp432p4xx/driverlib/gcc/msp432p4xx_driverlib.a(interrupt.o)
 .data          0x20000004        0x0 /home/evanwu03/ti/simplelink_msp432p4_sdk_3_40_01_02//source/ti/devices/msp432p4xx/driverlib/gcc/msp432p4xx_driverlib.a(spi.o)
 .data          0x20000004        0x0 /home/evanwu03/ti/simplelink_msp432p4_sdk_3_40_01_02//source/ti/devices/msp432p4xx/driverlib/gcc/msp432p4xx_driverlib.a(sysctl_a.o)
 .data          0x20000004        0x0 /home/evanwu03/ti/simplelink_msp432p4_sdk_3_40_01_02//source/ti/devices/msp432p4xx/driverlib/gcc/msp432p4xx_driverlib.a(cpu.o)
 .data          0x20000004        0x0 /usr/lib/gcc/arm-none-eabi/13.2.1/../../../arm-none-eabi/lib/thumb/v7e-m+fp/hard/libc_nano.a(libc_a-init.o)
 .data          0x20000004        0x0 /usr/lib/gcc/arm-none-eabi/13.2.1/../../../arm-none-eabi/lib/thumb/v7e-m+fp/hard/libc_nano.a(libc_a-memset.o)
 .data          0x20000004        0x0 /usr/lib/gcc/arm-none-eabi/13.2.1/../../../arm-none-eabi/lib/thumb/v7e-m+fp/hard/libc_nano.a(libc_a-exit.o)
 .data          0x20000004        0x0 /usr/lib/gcc/arm-none-eabi/13.2.1/../../../arm-none-eabi/lib/thumb/v7e-m+fp/hard/libc_nano.a(libc_a-atexit.o)
 .data          0x20000004        0x0 /usr/lib/gcc/arm-none-eabi/13.2.1/../../../arm-none-eabi/lib/thumb/v7e-m+fp/hard/libc_nano.a(libc_a-fini.o)
 .data          0x20000004        0xc /usr/lib/gcc/arm-none-eabi/13.2.1/../../../arm-none-eabi/lib/thumb/v7e-m+fp/hard/libc_nano.a(libc_a-findfp.o)
                0x20000004                __sglue
 .data          0x20000010        0x0 /usr/lib/gcc/arm-none-eabi/13.2.1/../../../arm-none-eabi/lib/thumb/v7e-m+fp/hard/libc_nano.a(libc_a-fflush.o)
 .data          0x20000010        0x0 /usr/lib/gcc/arm-none-eabi/13.2.1/../../../arm-none-eabi/lib/thumb/v7e-m+fp/hard/libc_nano.a(libc_a-mallocr.o)
 .data          0x20000010        0x0 /usr/lib/gcc/arm-none-eabi/13.2.1/../../../arm-none-eabi/lib/thumb/v7e-m+fp/hard/libc_nano.a(libc_a-freer.o)
 .data          0x20000010        0x0 /usr/lib/gcc/arm-none-eabi/13.2.1/../../../arm-none-eabi/lib/thumb/v7e-m+fp/hard/libc_nano.a(libc_a-fwalk.o)
 .data          0x20000010        0x4 /usr/lib/gcc/arm-none-eabi/13.2.1/../../../arm-none-eabi/lib/thumb/v7e-m+fp/hard/libc_nano.a(libc_a-__atexit.o)
                0x20000010                __atexit_dummy
 .data          0x20000014        0x0 /usr/lib/gcc/arm-none-eabi/13.2.1/../../../arm-none-eabi/lib/thumb/v7e-m+fp/hard/libc_nano.a(libc_a-mlock.o)
 .data          0x20000014        0x0 /usr/lib/gcc/arm-none-eabi/13.2.1/../../../arm-none-eabi/lib/thumb/v7e-m+fp/hard/libc_nano.a(libc_a-sbrkr.o)
 .data          0x20000014        0x0 /usr/lib/gcc/arm-none-eabi/13.2.1/../../../arm-none-eabi/lib/thumb/v7e-m+fp/hard/libc_nano.a(libc_a-stdio.o)
 .data          0x20000014       0x50 /usr/lib/gcc/arm-none-eabi/13.2.1/../../../arm-none-eabi/lib/thumb/v7e-m+fp/hard/libc_nano.a(libc_a-impure.o)
                0x20000014                _impure_ptr
                0x20000018                _impure_data
 .data          0x20000064        0x0 /usr/lib/gcc/arm-none-eabi/13.2.1/../../../arm-none-eabi/lib/thumb/v7e-m+fp/hard/libc_nano.a(libc_a-closer.o)
 .data          0x20000064        0x0 /usr/lib/gcc/arm-none-eabi/13.2.1/../../../arm-none-eabi/lib/thumb/v7e-m+fp/hard/libc_nano.a(libc_a-__call_atexit.o)
 .data          0x20000064        0x0 /usr/lib/gcc/arm-none-eabi/13.2.1/../../../arm-none-eabi/lib/thumb/v7e-m+fp/hard/libc_nano.a(libc_a-readr.o)
 .data          0x20000064        0x0 /usr/lib/gcc/arm-none-eabi/13.2.1/../../../arm-none-eabi/lib/thumb/v7e-m+fp/hard/libc_nano.a(libc_a-reent.o)
 .data          0x20000064        0x0 /usr/lib/gcc/arm-none-eabi/13.2.1/../../../arm-none-eabi/lib/thumb/v7e-m+fp/hard/libc_nano.a(libc_a-lseekr.o)
 .data          0x20000064        0x0 /usr/lib/gcc/arm-none-eabi/13.2.1/../../../arm-none-eabi/lib/thumb/v7e-m+fp/hard/libc_nano.a(libc_a-writer.o)
 .data          0x20000064        0x0 /usr/lib/gcc/arm-none-eabi/13.2.1/../../../arm-none-eabi/lib/thumb/v7e-m+fp/hard/libnosys.a(close.o)
 .data          0x20000064        0x0 /usr/lib/gcc/arm-none-eabi/13.2.1/../../../arm-none-eabi/lib/thumb/v7e-m+fp/hard/libnosys.a(lseek.o)
 .data          0x20000064        0x0 /usr/lib/gcc/arm-none-eabi/13.2.1/../../../arm-none-eabi/lib/thumb/v7e-m+fp/hard/libnosys.a(read.o)
 .data          0x20000064        0x0 /usr/lib/gcc/arm-none-eabi/13.2.1/../../../arm-none-eabi/lib/thumb/v7e-m+fp/hard/libnosys.a(sbrk.o)
 .data          0x20000064        0x0 /usr/lib/gcc/arm-none-eabi/13.2.1/../../../arm-none-eabi/lib/thumb/v7e-m+fp/hard/libnosys.a(write.o)
 .data          0x20000064        0x0 /usr/lib/gcc/arm-none-eabi/13.2.1/../../../arm-none-eabi/lib/thumb/v7e-m+fp/hard/libnosys.a(_exit.o)
 .data          0x20000064        0x0 /usr/lib/gcc/arm-none-eabi/13.2.1/thumb/v7e-m+fp/hard/crtend.o
 .data          0x20000064        0x0 /usr/lib/gcc/arm-none-eabi/13.2.1/thumb/v7e-m+fp/hard/crtn.o
 *(.data*)
 .data.video_ctx
                0x20000064        0x4 build/src/main.o
                0x20000064                video_ctx
 .data.SystemCoreClock
                0x20000068        0x4 build/src/system_msp432p401r.o
                0x20000068                SystemCoreClock
 .data.video_len
                0x2000006c        0x4 build/src/video.o
                0x2000006c                video_len
                0x20000070                        . = ALIGN (0x4)
                0x20000070                        __data_end__ = .

.tm_clone_table
                0x20000070        0x0 load address 0x0003d188
 .tm_clone_table
                0x20000070        0x0 /usr/lib/gcc/arm-none-eabi/13.2.1/thumb/v7e-m+fp/hard/crtbegin.o
 .tm_clone_table
                0x20000070        0x0 /usr/lib/gcc/arm-none-eabi/13.2.1/thumb/v7e-m+fp/hard/crtend.o

.igot.plt       0x20000070        0x0 load address 0x0003d188
 .igot.plt      0x20000070        0x0 /usr/lib/gcc/arm-none-eabi/13.2.1/thumb/v7e-m+fp/hard/crtbegin.o

.bss            0x20000400     0x9200
                0x20000400                        __bss_start__ = .
 *(.shbss)
 *(.bss)
 .bss           0x20000400        0x0 /usr/lib/gcc/arm-none-eabi/13.2.1/thumb/v7e-m+fp/hard/crti.o
 .bss           0x20000400       0x1c /usr/lib/gcc/arm-none-eabi/13.2.1/thumb/v7e-m+fp/hard/crtbegin.o
 .bss           0x2000041c        0x0 /usr/lib/gcc/arm-none-eabi/13.2.1/../../../arm-none-eabi/lib/thumb/v7e-m+fp/hard/crt0.o
 .bss           0x2000041c        0x0 build/src/main.o
 .bss           0x2000041c        0x0 build/src/system_msp432p401r.o
 .bss           0x2000041c        0x0 build/src/video.o
 .bss           0x2000041c        0x0 build/src/video_fsm.o
 .bss           0x2000041c        0x0 build/gcc/startup_msp432p401r_gcc.o
 .bss           0x2000041c        0x0 build/LcdDriver/hal_lcd_msp432.o
 .bss           0x2000041c        0x0 build/LcdDriver/lcd_st7735.o
 .bss           0x2000041c        0x0 build/hal/msp432/gpio_msp432.o
 .bss           0x2000041c        0x0 build/hal/msp432/spi_msp432.o
 .bss           0x2000041c        0x0 build/hal/msp432/uart_msp432.o
 .bss           0x2000041c        0x0 build/hal/msp432/wdt_msp432.o
 .bss           0x2000041c        0x0 /home/evanwu03/ti/simplelink_msp432p4_sdk_3_40_01_02//source/ti/devices/msp432p4xx/driverlib/gcc/msp432p4xx_driverlib.a(cs.o)
 .bss           0x2000041c        0x0 /home/evanwu03/ti/simplelink_msp432p4_sdk_3_40_01_02//source/ti/devices/msp432p4xx/driverlib/gcc/msp432p4xx_driverlib.a(dma.o)
 .bss           0x2000041c        0x0 /home/evanwu03/ti/simplelink_msp432p4_sdk_3_40_01_02//source/ti/devices/msp432p4xx/driverlib/gcc/msp432p4xx_driverlib.a(interrupt.o)
 .bss           0x2000041c        0x0 /home/evanwu03/ti/simplelink_msp432p4_sdk_3_40_01_02//source/ti/devices/msp432p4xx/driverlib/gcc/msp432p4xx_driverlib.a(spi.o)
 .bss           0x2000041c        0x0 /home/evanwu03/ti/simplelink_msp432p4_sdk_3_40_01_02//source/ti/devices/msp432p4xx/driverlib/gcc/msp432p4xx_driverlib.a(sysctl_a.o)
 .bss           0x2000041c        0x0 /home/evanwu03/ti/simplelink_msp432p4_sdk_3_40_01_02//source/ti/devices/msp432p4xx/driverlib/gcc/msp432p4xx_driverlib.a(cpu.o)
 .bss           0x2000041c        0x0 /usr/lib/gcc/arm-none-eabi/13.2.1/../../../arm-none-eabi/lib/thumb/v7e-m+fp/hard/libc_nano.a(libc_a-init.o)
 .bss           0x2000041c        0x0 /usr/lib/gcc/arm-none-eabi/13.2.1/../../../arm-none-eabi/lib/thumb/v7e-m+fp/hard/libc_nano.a(libc_a-memset.o)
 .bss           0x2000041c        0x0 /usr/lib/gcc/arm-none-eabi/13.2.1/../../../arm-none-eabi/lib/thumb/v7e-m+fp/hard/libc_nano.a(libc_a-exit.o)
 .bss           0x2000041c        0x0 /usr/lib/gcc/arm-none-eabi/13.2.1/../../../arm-none-eabi/lib/thumb/v7e-m+fp/hard/libc_nano.a(libc_a-atexit.o)
 .bss           0x2000041c        0x0 /usr/lib/gcc/arm-none-eabi/13.2.1/../../../arm-none-eabi/lib/thumb/v7e-m+fp/hard/libc_nano.a(libc_a-fini.o)
 .bss           0x2000041c      0x13c /usr/lib/gcc/arm-none-eabi/13.2.1/../../../arm-none-eabi/lib/thumb/v7e-m+fp/hard/libc_nano.a(libc_a-findfp.o)
                0x2000041c                __sf
                0x20000554                __stdio_exit_handler
 .bss           0x20000558        0x0 /usr/lib/gcc/arm-none-eabi/13.2.1/../../../arm-none-eabi/lib/thumb/v7e-m+fp/hard/libc_nano.a(libc_a-fflush.o)
 .bss           0x20000558        0x8 /usr/lib/gcc/arm-none-eabi/13.2.1/../../../arm-none-eabi/lib/thumb/v7e-m+fp/hard/libc_nano.a(libc_a-mallocr.o)
                0x20000558                __malloc_sbrk_start
                0x2000055c                __malloc_free_list
 .bss           0x20000560        0x0 /usr/lib/gcc/arm-none-eabi/13.2.1/../../../arm-none-eabi/lib/thumb/v7e-m+fp/hard/libc_nano.a(libc_a-freer.o)
 .bss           0x20000560        0x0 /usr/lib/gcc/arm-none-eabi/13.2.1/../../../arm-none-eabi/lib/thumb/v7e-m+fp/hard/libc_nano.a(libc_a-fwalk.o)
 .bss           0x20000560       0x8c /usr/lib/gcc/arm-none-eabi/13.2.1/../../../arm-none-eabi/lib/thumb/v7e-m+fp/hard/libc_nano.a(libc_a-__atexit.o)
                0x20000560                __atexit0
 .bss           0x200005ec        0x0 /usr/lib/gcc/arm-none-eabi/13.2.1/../../../arm-none-eabi/lib/thumb/v7e-m+fp/hard/libc_nano.a(libc_a-mlock.o)
 .bss           0x200005ec        0x0 /usr/lib/gcc/arm-none-eabi/13.2.1/../../../arm-none-eabi/lib/thumb/v7e-m+fp/hard/libc_nano.a(libc_a-sbrkr.o)
 .bss           0x200005ec        0x0 /usr/lib/gcc/arm-none-eabi/13.2.1/../../../arm-none-eabi/lib/thumb/v7e-m+fp/hard/libc_nano.a(libc_a-stdio.o)
 .bss           0x200005ec        0x0 /usr/lib/gcc/arm-none-eabi/13.2.1/../../../arm-none-eabi/lib/thumb/v7e-m+fp/hard/libc_nano.a(libc_a-impure.o)
 .bss           0x200005ec        0x0 /usr/lib/gcc/arm-none-eabi/13.2.1/../../../arm-none-eabi/lib/thumb/v7e-m+fp/hard/libc_nano.a(libc_a-closer.o)
 .bss           0x200005ec        0x4 /usr/lib/gcc/arm-none-eabi/13.2.1/../../../arm-none-eabi/lib/thumb/v7e-m+fp/hard/libc_nano.a(libc_a-__call_atexit.o)
                0x200005ec                __atexit
 .bss           0x200005f0        0x0 /usr/lib/gcc/arm-none-eabi/13.2.1/../../../arm-none-eabi/lib/thumb/v7e-m+fp/hard/libc_nano.a(libc_a-readr.o)
 .bss           0x200005f0        0x4 /usr/lib/gcc/arm-none-eabi/13.2.1/../../../arm-none-eabi/lib/thumb/v7e-m+fp/hard/libc_nano.a(libc_a-reent.o)
                0x200005f0                errno
 .bss           0x200005f4        0x0 /usr/lib/gcc/arm-none-eabi/13.2.1/../../../arm-none-eabi/lib/thumb/v7e-m+fp/hard/libc_nano.a(libc_a-lseekr.o)
 .bss           0x200005f4        0x0 /usr/lib/gcc/arm-none-eabi/13.2.1/../../../arm-none-eabi/lib/thumb/v7e-m+fp/hard/libc_nano.a(libc_a-writer.o)
 .bss           0x200005f4        0x0 /usr/lib/gcc/arm-none-eabi/13.2.1/../../../arm-none-eabi/lib/thumb/v7e-m+fp/hard/libnosys.a(close.o)
 .bss           0x200005f4        0x0 /usr/lib/gcc/arm-none-eabi/13.2.1/../../../arm-none-eabi/lib/thumb/v7e-m+fp/hard/libnosys.a(lseek.o)
 .bss           0x200005f4        0x0 /usr/lib/gcc/arm-none-eabi/13.2.1/../../../arm-none-eabi/lib/thumb/v7e-m+fp/hard/libnosys.a(read.o)
 .bss           0x200005f4        0x4 /usr/lib/gcc/arm-none-eabi/13.2.1/../../../arm-none-eabi/lib/thumb/v7e-m+fp/hard/libnosys.a(sbrk.o)
 .bss           0x200005f8        0x0 /usr/lib/gcc/arm-none-eabi/13.2.1/../../../arm-none-eabi/lib/thumb/v7e-m+fp/hard/libnosys.a(write.o)
 .bss           0x200005f8        0x0 /usr/lib/gcc/arm-none-eabi/13.2.1/../../../arm-none-eabi/lib/thumb/v7e-m+fp/hard/libnosys.a(_exit.o)
 .bss           0x200005f8        0x0 /usr/lib/gcc/arm-none-eabi/13.2.1/thumb/v7e-m+fp/hard/crtend.o
 .bss           0x200005f8        0x0 /usr/lib/gcc/arm-none-eabi/13.2.1/thumb/v7e-m+fp/hard/crtn.o
 *(.bss.*)
 .bss.video     0x200005f8      0x634 build/src/main.o
                0x200005f8                video
 .bss.frame_buf
                0x20000c2c     0x4000 build/src/main.o
 .bss.tmp_delta
                0x20004c2c     0x4000 build/src/main.o
 .bss.tx_buf    0x20008c2c      0x400 build/src/main.o
 .bss.lcd_dc    0x2000902c        0xc build/LcdDriver/hal_lcd_msp432.o
                0x2000902c                lcd_dc
 .bss.lcd_cs    0x20009038        0xc build/LcdDriver/hal_lcd_msp432.o
                0x20009038                lcd_cs
 .bss.lcd_spi_mosi
                0x20009044        0xc build/LcdDriver/hal_lcd_msp432.o
                0x20009044                lcd_spi_mosi
 .bss.lcd_spi_clk
                0x20009050        0xc build/LcdDriver/hal_lcd_msp432.o
                0x20009050                lcd_spi_clk
 .bss.lcd_rst   0x2000905c        0xc build/LcdDriver/hal_lcd_msp432.o
                0x2000905c                lcd_rst
 *fill*         0x20009068      0x398 
 .bss.MSP_EXP432P401RLP_DMAControlTable
                0x20009400      0x200 build/LcdDriver/lcd_st7735.o
 *(COMMON)
                0x20009600                        . = ALIGN (0x4)
                0x20009600                        __bss_end__ = .

.heap           0x20009600        0x0
                0x20009600                        __heap_start__ = .
                0x20009600                        end = __heap_start__
                0x20009600                        _end = end
                0x20009600                        __end = end
 *(.heap)
                0x20009600                        __heap_end__ = .
                0x20009600                        __HeapLimit = __heap_end__

.stack          0x20009600        0x0
                0x20009600                        _stack = .
 *(.stack)
                0x20010000                        __StackTop = (ORIGIN (REGION_STACK) + LENGTH (REGION_STACK))
                0x20010000                        PROVIDE (__stack = __StackTop)
LOAD /home/evanwu03/ti/simplelink_msp432p4_sdk_3_40_01_02//source/ti/display/lib/display.am4fg
LOAD /home/evanwu03/ti/simplelink_msp432p4_sdk_3_40_01_02//source/ti/grlib/lib/gcc/m4f/grlib.a
LOAD /home/evanwu03/ti/simplelink_msp432p4_sdk_3_40_01_02//source/third_party/spiffs/lib/gcc/m4f/spiffs.a
LOAD /home/evanwu03/ti/simplelink_msp432p4_sdk_3_40_01_02//source/ti/drivers/lib/drivers_msp432p401x.am4fg
LOAD /home/evanwu03/ti/simplelink_msp432p4_sdk_3_40_01_02//source/third_party/fatfs/lib/gcc/m4f/fatfs.a
LOAD /home/evanwu03/ti/simplelink_msp432p4_sdk_3_40_01_02//source/ti/devices/msp432p4xx/driverlib/gcc/msp432p4xx_driverlib.a
LOAD /usr/lib/gcc/arm-none-eabi/13.2.1/thumb/v7e-m+fp/hard/libgcc.a
LOAD /usr/lib/gcc/arm-none-eabi/13.2.1/../../../arm-none-eabi/lib/thumb/v7e-m+fp/hard/libc_nano.a
LOAD /usr/lib/gcc/arm-none-eabi/13.2.1/../../../arm-none-eabi/lib/thumb/v7e-m+fp/hard/libm.a
LOAD /usr/lib/gcc/arm-none-eabi/13.2.1/../../../arm-none-eabi/lib/thumb/v7e-m+fp/hard/libnosys.a
START GROUP
LOAD /usr/lib/gcc/arm-none-eabi/13.2.1/thumb/v7e-m+fp/hard/libgcc.a
LOAD /usr/lib/gcc/arm-none-eabi/13.2.1/../../../arm-none-eabi/lib/thumb/v7e-m+fp/hard/libg_nano.a
LOAD /usr/lib/gcc/arm-none-eabi/13.2.1/../../../arm-none-eabi/lib/thumb/v7e-m+fp/hard/libc_nano.a
END GROUP
START GROUP
LOAD /usr/lib/gcc/arm-none-eabi/13.2.1/thumb/v7e-m+fp/hard/libgcc.a
LOAD /usr/lib/gcc/arm-none-eabi/13.2.1/../../../arm-none-eabi/lib/thumb/v7e-m+fp/hard/libc_nano.a
END GROUP
LOAD /usr/lib/gcc/arm-none-eabi/13.2.1/thumb/v7e-m+fp/hard/crtend.o
LOAD /usr/lib/gcc/arm-none-eabi/13.2.1/thumb/v7e-m+fp/hard/crtn.o
OUTPUT(build/sprite_renderer.out elf32-littlearm)
LOAD linker stubs

.ARM.attributes
                0x00000000       0x30
 .ARM.attributes
                0x00000000       0x22 /usr/lib/gcc/arm-none-eabi/13.2.1/thumb/v7e-m+fp/hard/crti.o
 .ARM.attributes
                0x00000022       0x34 /usr/lib/gcc/arm-none-eabi/13.2.1/thumb/v7e-m+fp/hard/crtbegin.o
 .ARM.attributes
                0x00000056       0x20 /usr/lib/gcc/arm-none-eabi/13.2.1/../../../arm-none-eabi/lib/thumb/v7e-m+fp/hard/crt0.o
 .ARM.attributes
                0x00000076       0x34 build/src/main.o
 .ARM.attributes
                0x000000aa       0x34 build/src/system_msp432p401r.o
 .ARM.attributes
                0x000000de       0x34 build/src/video.o
 .ARM.attributes
                0x00000112       0x34 build/src/video_fsm.o
 .ARM.attributes
                0x00000146       0x34 build/gcc/startup_msp432p401r_gcc.o
 .ARM.attributes
                0x0000017a       0x34 build/LcdDriver/hal_lcd_msp432.o
 .ARM.attributes
                0x000001ae       0x34 build/LcdDriver/lcd_st7735.o
 .ARM.attributes
                0x000001e2       0x34 build/hal/msp432/gpio_msp432.o
 .ARM.attributes
                0x00000216       0x34 build/hal/msp432/spi_msp432.o
 .ARM.attributes
                0x0000024a       0x34 build/hal/msp432/uart_msp432.o
 .ARM.attributes
                0x0000027e       0x34 build/hal/msp432/wdt_msp432.o
 .ARM.attributes
                0x000002b2       0x39 /home/evanwu03/ti/simplelink_msp432p4_sdk_3_40_01_02//source/ti/devices/msp432p4xx/driverlib/gcc/msp432p4xx_driverlib.a(cs.o)
 .ARM.attributes
                0x000002eb       0x39 /home/evanwu03/ti/simplelink_msp432p4_sdk_3_40_01_02//source/ti/devices/msp432p4xx/driverlib/gcc/msp432p4xx_driverlib.a(dma.o)
 .ARM.attributes
                0x00000324       0x39 /home/evanwu03/ti/simplelink_msp432p4_sdk_3_40_01_02//source/ti/devices/msp432p4xx/driverlib/gcc/msp432p4xx_driverlib.a(interrupt.o)
 .ARM.attributes
                0x0000035d       0x39 /home/evanwu03/ti/simplelink_msp432p4_sdk_3_40_01_02//source/ti/devices/msp432p4xx/driverlib/gcc/msp432p4xx_driverlib.a(spi.o)
 .ARM.attributes
                0x00000396       0x39 /home/evanwu03/ti/simplelink_msp432p4_sdk_3_40_01_02//source/ti/devices/msp432p4xx/driverlib/gcc/msp432p4xx_driverlib.a(sysctl_a.o)
 .ARM.attributes
                0x000003cf       0x39 /home/evanwu03/ti/simplelink_msp432p4_sdk_3_40_01_02//source/ti/devices/msp432p4xx/driverlib/gcc/msp432p4xx_driverlib.a(cpu.o)
 .ARM.attributes
                0x00000408       0x34 /usr/lib/gcc/arm-none-eabi/13.2.1/../../../arm-none-eabi/lib/thumb/v7e-m+fp/hard/libc_nano.a(libc_a-init.o)
 .ARM.attributes
                0x0000043c       0x34 /usr/lib/gcc/arm-none-eabi/13.2.1/../../../arm-none-eabi/lib/thumb/v7e-m+fp/hard/libc_nano.a(libc_a-memset.o)
 .ARM.attributes
                0x00000470       0x34 /usr/lib/gcc/arm-none-eabi/13.2.1/../../../arm-none-eabi/lib/thumb/v7e-m+fp/hard/libc_nano.a(libc_a-exit.o)
 .ARM.attributes
                0x000004a4       0x34 /usr/lib/gcc/arm-none-eabi/13.2.1/../../../arm-none-eabi/lib/thumb/v7e-m+fp/hard/libc_nano.a(libc_a-atexit.o)
 .ARM.attributes
                0x000004d8       0x34 /usr/lib/gcc/arm-none-eabi/13.2.1/../../../arm-none-eabi/lib/thumb/v7e-m+fp/hard/libc_nano.a(libc_a-fini.o)
 .ARM.attributes
                0x0000050c       0x34 /usr/lib/gcc/arm-none-eabi/13.2.1/../../../arm-none-eabi/lib/thumb/v7e-m+fp/hard/libc_nano.a(libc_a-findfp.o)
 .ARM.attributes
                0x00000540       0x34 /usr/lib/gcc/arm-none-eabi/13.2.1/../../../arm-none-eabi/lib/thumb/v7e-m+fp/hard/libc_nano.a(libc_a-fflush.o)
 .ARM.attributes
                0x00000574       0x34 /usr/lib/gcc/arm-none-eabi/13.2.1/../../../arm-none-eabi/lib/thumb/v7e-m+fp/hard/libc_nano.a(libc_a-mallocr.o)
 .ARM.attributes
                0x000005a8       0x34 /usr/lib/gcc/arm-none-eabi/13.2.1/../../../arm-none-eabi/lib/thumb/v7e-m+fp/hard/libc_nano.a(libc_a-freer.o)
 .ARM.attributes
                0x000005dc       0x34 /usr/lib/gcc/arm-none-eabi/13.2.1/../../../arm-none-eabi/lib/thumb/v7e-m+fp/hard/libc_nano.a(libc_a-fwalk.o)
 .ARM.attributes
                0x00000610       0x34 /usr/lib/gcc/arm-none-eabi/13.2.1/../../../arm-none-eabi/lib/thumb/v7e-m+fp/hard/libc_nano.a(libc_a-__atexit.o)
 .ARM.attributes
                0x00000644       0x34 /usr/lib/gcc/arm-none-eabi/13.2.1/../../../arm-none-eabi/lib/thumb/v7e-m+fp/hard/libc_nano.a(libc_a-mlock.o)
 .ARM.attributes
                0x00000678       0x34 /usr/lib/gcc/arm-none-eabi/13.2.1/../../../arm-none-eabi/lib/thumb/v7e-m+fp/hard/libc_nano.a(libc_a-sbrkr.o)
 .ARM.attributes
                0x000006ac       0x34 /usr/lib/gcc/arm-none-eabi/13.2.1/../../../arm-none-eabi/lib/thumb/v7e-m+fp/hard/libc_nano.a(libc_a-stdio.o)
 .ARM.attributes
                0x000006e0       0x34 /usr/lib/gcc/arm-none-eabi/13.2.1/../../../arm-none-eabi/lib/thumb/v7e-m+fp/hard/libc_nano.a(libc_a-impure.o)
 .ARM.attributes
                0x00000714       0x34 /usr/lib/gcc/arm-none-eabi/13.2.1/../../../arm-none-eabi/lib/thumb/v7e-m+fp/hard/libc_nano.a(libc_a-closer.o)
 .ARM.attributes
                0x00000748       0x34 /usr/lib/gcc/arm-none-eabi/13.2.1/../../../arm-none-eabi/lib/thumb/v7e-m+fp/hard/libc_nano.a(libc_a-__call_atexit.o)
 .ARM.attributes
                0x0000077c       0x34 /usr/lib/gcc/arm-none-eabi/13.2.1/../../../arm-none-eabi/lib/thumb/v7e-m+fp/hard/libc_nano.a(libc_a-readr.o)
 .ARM.attributes
                0x000007b0       0x34 /usr/lib/gcc/arm-none-eabi/13.2.1/../../../arm-none-eabi/lib/thumb/v7e-m+fp/hard/libc_nano.a(libc_a-reent.o)
 .ARM.attributes
                0x000007e4       0x34 /usr/lib/gcc/arm-none-eabi/13.2.1/../../../arm-none-eabi/lib/thumb/v7e-m+fp/hard/libc_nano.a(libc_a-lseekr.o)
 .ARM.attributes
                0x00000818       0x34 /usr/lib/gcc/arm-none-eabi/13.2.1/../../../arm-none-eabi/lib/thumb/v7e-m+fp/hard/libc_nano.a(libc_a-writer.o)
 .ARM.attributes
                0x0000084c       0x34 /usr/lib/gcc/arm-none-eabi/13.2.1/../../../arm-none-eabi/lib/thumb/v7e-m+fp/hard/libnosys.a(close.o)
 .ARM.attributes
                0x00000880       0x34 /usr/lib/gcc/arm-none-eabi/13.2.1/../../../arm-none-eabi/lib/thumb/v7e-m+fp/hard/libnosys.a(lseek.o)
 .ARM.attributes
                0x000008b4       0x34 /usr/lib/gcc/arm-none-eabi/13.2.1/../../../arm-none-eabi/lib/thumb/v7e-m+fp/hard/libnosys.a(read.o)
 .ARM.attributes
                0x000008e8       0x34 /usr/lib/gcc/arm-none-eabi/13.2.1/../../../arm-none-eabi/lib/thumb/v7e-m+fp/hard/libnosys.a(sbrk.o)
 .ARM.attributes
                0x0000091c       0x34 /usr/lib/gcc/arm-none-eabi/13.2.1/../../../arm-none-eabi/lib/thumb/v7e-m+fp/hard/libnosys.a(write.o)
 .ARM.attributes
                0x00000950       0x34 /usr/lib/gcc/arm-none-eabi/13.2.1/../../../arm-none-eabi/lib/thumb/v7e-m+fp/hard/libnosys.a(_exit.o)
 .ARM.attributes
                0x00000984       0x34 /usr/lib/gcc/arm-none-eabi/13.2.1/thumb/v7e-m+fp/hard/crtend.o
 .ARM.attributes
                0x000009b8       0x22 /usr/lib/gcc/arm-none-eabi/13.2.1/thumb/v7e-m+fp/hard/crtn.o

.comment        0x00000000       0xa4
 .comment       0x00000000       0xa4 /usr/lib/gcc/arm-none-eabi/13.2.1/thumb/v7e-m+fp/hard/crtbegin.o
                                 0x27 (size before relaxing)
 .comment       0x000000a4       0x27 build/src/main.o
 .comment       0x000000a4       0x27 build/src/system_msp432p401r.o
 .comment       0x000000a4       0x27 build/src/video.o
 .comment       0x000000a4       0x27 build/src/video_fsm.o
 .comment       0x000000a4       0x27 build/gcc/startup_msp432p401r_gcc.o
 .comment       0x000000a4       0x27 build/LcdDriver/hal_lcd_msp432.o
 .comment       0x000000a4       0x27 build/LcdDriver/lcd_st7735.o
 .comment       0x000000a4       0x27 build/hal/msp432/gpio_msp432.o
 .comment       0x000000a4       0x27 build/hal/msp432/spi_msp432.o
 .comment       0x000000a4       0x27 build/hal/msp432/uart_msp432.o
 .comment       0x000000a4       0x27 build/hal/msp432/wdt_msp432.o
 .comment       0x000000a4       0x7f /home/evanwu03/ti/simplelink_msp432p4_sdk_3_40_01_02//source/ti/devices/msp432p4xx/driverlib/gcc/msp432p4xx_driverlib.a(cs.o)
 .comment       0x000000a4       0x7f /home/evanwu03/ti/simplelink_msp432p4_sdk_3_40_01_02//source/ti/devices/msp432p4xx/driverlib/gcc/msp432p4xx_driverlib.a(dma.o)
 .comment       0x000000a4       0x7f /home/evanwu03/ti/simplelink_msp432p4_sdk_3_40_01_02//source/ti/devices/msp432p4xx/driverlib/gcc/msp432p4xx_driverlib.a(interrupt.o)
 .comment       0x000000a4       0x7f /home/evanwu03/ti/simplelink_msp432p4_sdk_3_40_01_02//source/ti/devices/msp432p4xx/driverlib/gcc/msp432p4xx_driverlib.a(spi.o)
 .comment       0x000000a4       0x7f /home/evanwu03/ti/simplelink_msp432p4_sdk_3_40_01_02//source/ti/devices/msp432p4xx/driverlib/gcc/msp432p4xx_driverlib.a(sysctl_a.o)
 .comment       0x000000a4       0x7f /home/evanwu03/ti/simplelink_msp432p4_sdk_3_40_01_02//source/ti/devices/msp432p4xx/driverlib/gcc/msp432p4xx_driverlib.a(cpu.o)
 .comment       0x000000a4       0x27 /usr/lib/gcc/arm-none-eabi/13.2.1/../../../arm-none-eabi/lib/thumb/v7e-m+fp/hard/libc_nano.a(libc_a-init.o)
 .comment       0x000000a4       0x27 /usr/lib/gcc/arm-none-eabi/13.2.1/../../../arm-none-eabi/lib/thumb/v7e-m+fp/hard/libc_nano.a(libc_a-memset.o)
 .comment       0x000000a4       0x27 /usr/lib/gcc/arm-none-eabi/13.2.1/../../../arm-none-eabi/lib/thumb/v7e-m+fp/hard/libc_nano.a(libc_a-exit.o)
 .comment       0x000000a4       0x27 /usr/lib/gcc/arm-none-eabi/13.2.1/../../../arm-none-eabi/lib/thumb/v7e-m+fp/hard/libc_nano.a(libc_a-atexit.o)
 .comment       0x000000a4       0x27 /usr/lib/gcc/arm-none-eabi/13.2.1/../../../arm-none-eabi/lib/thumb/v7e-m+fp/hard/libc_nano.a(libc_a-fini.o)
 .comment       0x000000a4       0x27 /usr/lib/gcc/arm-none-eabi/13.2.1/../../../arm-none-eabi/lib/thumb/v7e-m+fp/hard/libc_nano.a(libc_a-findfp.o)
 .comment       0x000000a4       0x27 /usr/lib/gcc/arm-none-eabi/13.2.1/../../../arm-none-eabi/lib/thumb/v7e-m+fp/hard/libc_nano.a(libc_a-fflush.o)
 .comment       0x000000a4       0x27 /usr/lib/gcc/arm-none-eabi/13.2.1/../../../arm-none-eabi/lib/thumb/v7e-m+fp/hard/libc_nano.a(libc_a-mallocr.o)
 .comment       0x000000a4       0x27 /usr/lib/gcc/arm-none-eabi/13.2.1/../../../arm-none-eabi/lib/thumb/v7e-m+fp/hard/libc_nano.a(libc_a-freer.o)
 .comment       0x000000a4       0x27 /usr/lib/gcc/arm-none-eabi/13.2.1/../../../arm-none-eabi/lib/thumb/v7e-m+fp/hard/libc_nano.a(libc_a-fwalk.o)
 .comment       0x000000a4       0x27 /usr/lib/gcc/arm-none-eabi/13.2.1/../../../arm-none-eabi/lib/thumb/v7e-m+fp/hard/libc_nano.a(libc_a-__atexit.o)
 .comment       0x000000a4       0x27 /usr/lib/gcc/arm-none-eabi/13.2.1/../../../arm-none-eabi/lib/thumb/v7e-m+fp/hard/libc_nano.a(libc_a-mlock.o)
 .comment       0x000000a4       0x27 /usr/lib/gcc/arm-none-eabi/13.2.1/../../../arm-none-eabi/lib/thumb/v7e-m+fp/hard/libc_nano.a(libc_a-sbrkr.o)
 .comment       0x000000a4       0x27 /usr/lib/gcc/arm-none-eabi/13.2.1/../../../arm-none-eabi/lib/thumb/v7e-m+fp/hard/libc_nano.a(libc_a-stdio.o)
 .comment       0x000000a4       0x27 /usr/lib/gcc/arm-none-eabi/13.2.1/../../../arm-none-eabi/lib/thumb/v7e-m+fp/hard/libc_nano.a(libc_a-impure.o)
 .comment       0x000000a4       0x27 /usr/lib/gcc/arm-none-eabi/13.2.1/../../../arm-none-eabi/lib/thumb/v7e-m+fp/hard/libc_nano.a(libc_a-closer.o)
 .comment       0x000000a4       0x27 /usr/lib/gcc/arm-none-eabi/13.2.1/../../../arm-none-eabi/lib/thumb/v7e-m+fp/hard/libc_nano.a(libc_a-__call_atexit.o)
 .comment       0x000000a4       0x27 /usr/lib/gcc/arm-none-eabi/13.2.1/../../../arm-none-eabi/lib/thumb/v7e-m+fp/hard/libc_nano.a(libc_a-readr.o)
 .comment       0x000000a4       0x27 /usr/lib/gcc/arm-none-eabi/13.2.1/../../../arm-none-eabi/lib/thumb/v7e-m+fp/hard/libc_nano.a(libc_a-reent.o)
 .comment       0x000000a4       0x27 /usr/lib/gcc/arm-none-eabi/13.2.1/../../../arm-none-eabi/lib/thumb/v7e-m+fp/hard/libc_nano.a(libc_a-lseekr.o)
 .comment       0x000000a4       0x27 /usr/lib/gcc/arm-none-eabi/13.2.1/../../../arm-none-eabi/lib/thumb/v7e-m+fp/hard/libc_nano.a(libc_a-writer.o)
 .comment       0x000000a4       0x27 /usr/lib/gcc/arm-none-eabi/13.2.1/../../../arm-none-eabi/lib/thumb/v7e-m+fp/hard/libnosys.a(close.o)
 .comment       0x000000a4       0x27 /usr/lib/gcc/arm-none-eabi/13.2.1/../../../arm-none-eabi/lib/thumb/v7e-m+fp/hard/libnosys.a(lseek.o)
 .comment       0x000000a4       0x27 /usr/lib/gcc/arm-none-eabi/13.2.1/../../../arm-none-eabi/lib/thumb/v7e-m+fp/hard/libnosys.a(read.o)
 .comment       0x000000a4       0x27 /usr/lib/gcc/arm-none-eabi/13.2.1/../../../arm-none-eabi/lib/thumb/v7e-m+fp/hard/libnosys.a(sbrk.o)
 .comment       0x000000a4       0x27 /usr/lib/gcc/arm-none-eabi/13.2.1/../../../arm-none-eabi/lib/thumb/v7e-m+fp/hard/libnosys.a(write.o)
 .comment       0x000000a4       0x27 /usr/lib/gcc/arm-none-eabi/13.2.1/../../../arm-none-eabi/lib/thumb/v7e-m+fp/hard/libnosys.a(_exit.o)
 .comment       0x000000a4       0x27 /usr/lib/gcc/arm-none-eabi/13.2.1/thumb/v7e-m+fp/hard/crtend.o

.debug_line     0x00000000     0x6356
 .debug_line    0x00000000       0x75 /usr/lib/gcc/arm-none-eabi/13.2.1/../../../arm-none-eabi/lib/thumb/v7e-m+fp/hard/crt0.o
 .debug_line    0x00000075      0x245 build/src/main.o
 .debug_line    0x000002ba      0x356 build/src/system_msp432p401r.o
 .debug_line    0x00000610      0x494 build/src/video.o
 .debug_line    0x00000aa4      0x233 build/src/video_fsm.o
 .debug_line    0x00000cd7       0xba build/gcc/startup_msp432p401r_gcc.o
 .debug_line    0x00000d91      0x1b1 build/LcdDriver/hal_lcd_msp432.o
 .debug_line    0x00000f42      0x34c build/LcdDriver/lcd_st7735.o
 .debug_line    0x0000128e      0x3a7 build/hal/msp432/gpio_msp432.o
 .debug_line    0x00001635      0x219 build/hal/msp432/spi_msp432.o
 .debug_line    0x0000184e      0x1cb build/hal/msp432/uart_msp432.o
 .debug_line    0x00001a19      0x152 build/hal/msp432/wdt_msp432.o
 .debug_line    0x00001b6b      0x63c /home/evanwu03/ti/simplelink_msp432p4_sdk_3_40_01_02//source/ti/devices/msp432p4xx/driverlib/gcc/msp432p4xx_driverlib.a(cs.o)
 .debug_line    0x000021a7      0x48e /home/evanwu03/ti/simplelink_msp432p4_sdk_3_40_01_02//source/ti/devices/msp432p4xx/driverlib/gcc/msp432p4xx_driverlib.a(dma.o)
 .debug_line    0x00002635      0x39a /home/evanwu03/ti/simplelink_msp432p4_sdk_3_40_01_02//source/ti/devices/msp432p4xx/driverlib/gcc/msp432p4xx_driverlib.a(interrupt.o)
 .debug_line    0x000029cf      0x653 /home/evanwu03/ti/simplelink_msp432p4_sdk_3_40_01_02//source/ti/devices/msp432p4xx/driverlib/gcc/msp432p4xx_driverlib.a(spi.o)
 .debug_line    0x00003022      0x3cc /home/evanwu03/ti/simplelink_msp432p4_sdk_3_40_01_02//source/ti/devices/msp432p4xx/driverlib/gcc/msp432p4xx_driverlib.a(sysctl_a.o)
 .debug_line    0x000033ee      0x1e3 /home/evanwu03/ti/simplelink_msp432p4_sdk_3_40_01_02//source/ti/devices/msp432p4xx/driverlib/gcc/msp432p4xx_driverlib.a(cpu.o)
 .debug_line    0x000035d1      0x11e /usr/lib/gcc/arm-none-eabi/13.2.1/../../../arm-none-eabi/lib/thumb/v7e-m+fp/hard/libc_nano.a(libc_a-init.o)
 .debug_line    0x000036ef      0x1b6 /usr/lib/gcc/arm-none-eabi/13.2.1/../../../arm-none-eabi/lib/thumb/v7e-m+fp/hard/libc_nano.a(libc_a-memset.o)
 .debug_line    0x000038a5      0x12d /usr/lib/gcc/arm-none-eabi/13.2.1/../../../arm-none-eabi/lib/thumb/v7e-m+fp/hard/libc_nano.a(libc_a-exit.o)
 .debug_line    0x000039d2       0xc3 /usr/lib/gcc/arm-none-eabi/13.2.1/../../../arm-none-eabi/lib/thumb/v7e-m+fp/hard/libc_nano.a(libc_a-atexit.o)
 .debug_line    0x00003a95       0xd2 /usr/lib/gcc/arm-none-eabi/13.2.1/../../../arm-none-eabi/lib/thumb/v7e-m+fp/hard/libc_nano.a(libc_a-fini.o)
 .debug_line    0x00003b67      0x4fc /usr/lib/gcc/arm-none-eabi/13.2.1/../../../arm-none-eabi/lib/thumb/v7e-m+fp/hard/libc_nano.a(libc_a-findfp.o)
 .debug_line    0x00004063      0x446 /usr/lib/gcc/arm-none-eabi/13.2.1/../../../arm-none-eabi/lib/thumb/v7e-m+fp/hard/libc_nano.a(libc_a-fflush.o)
 .debug_line    0x000044a9      0x446 /usr/lib/gcc/arm-none-eabi/13.2.1/../../../arm-none-eabi/lib/thumb/v7e-m+fp/hard/libc_nano.a(libc_a-mallocr.o)
 .debug_line    0x000048ef      0x2c3 /usr/lib/gcc/arm-none-eabi/13.2.1/../../../arm-none-eabi/lib/thumb/v7e-m+fp/hard/libc_nano.a(libc_a-freer.o)
 .debug_line    0x00004bb2      0x1d1 /usr/lib/gcc/arm-none-eabi/13.2.1/../../../arm-none-eabi/lib/thumb/v7e-m+fp/hard/libc_nano.a(libc_a-fwalk.o)
 .debug_line    0x00004d83      0x230 /usr/lib/gcc/arm-none-eabi/13.2.1/../../../arm-none-eabi/lib/thumb/v7e-m+fp/hard/libc_nano.a(libc_a-__atexit.o)
 .debug_line    0x00004fb3      0x153 /usr/lib/gcc/arm-none-eabi/13.2.1/../../../arm-none-eabi/lib/thumb/v7e-m+fp/hard/libc_nano.a(libc_a-mlock.o)
 .debug_line    0x00005106      0x193 /usr/lib/gcc/arm-none-eabi/13.2.1/../../../arm-none-eabi/lib/thumb/v7e-m+fp/hard/libc_nano.a(libc_a-sbrkr.o)
 .debug_line    0x00005299      0x22b /usr/lib/gcc/arm-none-eabi/13.2.1/../../../arm-none-eabi/lib/thumb/v7e-m+fp/hard/libc_nano.a(libc_a-stdio.o)
 .debug_line    0x000054c4       0xe7 /usr/lib/gcc/arm-none-eabi/13.2.1/../../../arm-none-eabi/lib/thumb/v7e-m+fp/hard/libc_nano.a(libc_a-impure.o)
 .debug_line    0x000055ab      0x193 /usr/lib/gcc/arm-none-eabi/13.2.1/../../../arm-none-eabi/lib/thumb/v7e-m+fp/hard/libc_nano.a(libc_a-closer.o)
 .debug_line    0x0000573e      0x246 /usr/lib/gcc/arm-none-eabi/13.2.1/../../../arm-none-eabi/lib/thumb/v7e-m+fp/hard/libc_nano.a(libc_a-__call_atexit.o)
 .debug_line    0x00005984      0x198 /usr/lib/gcc/arm-none-eabi/13.2.1/../../../arm-none-eabi/lib/thumb/v7e-m+fp/hard/libc_nano.a(libc_a-readr.o)
 .debug_line    0x00005b1c      0x27b /usr/lib/gcc/arm-none-eabi/13.2.1/../../../arm-none-eabi/lib/thumb/v7e-m+fp/hard/libc_nano.a(libc_a-reent.o)
 .debug_line    0x00005d97      0x199 /usr/lib/gcc/arm-none-eabi/13.2.1/../../../arm-none-eabi/lib/thumb/v7e-m+fp/hard/libc_nano.a(libc_a-lseekr.o)
 .debug_line    0x00005f30      0x199 /usr/lib/gcc/arm-none-eabi/13.2.1/../../../arm-none-eabi/lib/thumb/v7e-m+fp/hard/libc_nano.a(libc_a-writer.o)
 .debug_line    0x000060c9       0x6d /usr/lib/gcc/arm-none-eabi/13.2.1/../../../arm-none-eabi/lib/thumb/v7e-m+fp/hard/libnosys.a(close.o)
 .debug_line    0x00006136       0x6e /usr/lib/gcc/arm-none-eabi/13.2.1/../../../arm-none-eabi/lib/thumb/v7e-m+fp/hard/libnosys.a(lseek.o)
 .debug_line    0x000061a4       0x6d /usr/lib/gcc/arm-none-eabi/13.2.1/../../../arm-none-eabi/lib/thumb/v7e-m+fp/hard/libnosys.a(read.o)
 .debug_line    0x00006211       0x76 /usr/lib/gcc/arm-none-eabi/13.2.1/../../../arm-none-eabi/lib/thumb/v7e-m+fp/hard/libnosys.a(sbrk.o)
 .debug_line    0x00006287       0x6e /usr/lib/gcc/arm-none-eabi/13.2.1/../../../arm-none-eabi/lib/thumb/v7e-m+fp/hard/libnosys.a(write.o)
 .debug_line    0x000062f5       0x61 /usr/lib/gcc/arm-none-eabi/13.2.1/../../../arm-none-eabi/lib/thumb/v7e-m+fp/hard/libnosys.a(_exit.o)

.debug_line_str
                0x00000000       0x82
 .debug_line_str
                0x00000000       0x82 /usr/lib/gcc/arm-none-eabi/13.2.1/../../../arm-none-eabi/lib/thumb/v7e-m+fp/hard/crt0.o

.debug_info     0x00000000     0xfc84
 .debug_info    0x00000000       0x24 /usr/lib/gcc/arm-none-eabi/13.2.1/../../../arm-none-eabi/lib/thumb/v7e-m+fp/hard/crt0.o
 .debug_info    0x00000024      0x838 build/src/main.o
 .debug_info    0x0000085c      0xd49 build/src/system_msp432p401r.o
 .debug_info    0x000015a5      0x752 build/src/video.o
 .debug_info    0x00001cf7      0x653 build/src/video_fsm.o
 .debug_info    0x0000234a      0x143 build/gcc/startup_msp432p401r_gcc.o
 .debug_info    0x0000248d      0x5d5 build/LcdDriver/hal_lcd_msp432.o
 .debug_info    0x00002a62      0x930 build/LcdDriver/lcd_st7735.o
 .debug_info    0x00003392      0x6f4 build/hal/msp432/gpio_msp432.o
 .debug_info    0x00003a86      0x45c build/hal/msp432/spi_msp432.o
 .debug_info    0x00003ee2      0x3f0 build/hal/msp432/uart_msp432.o
 .debug_info    0x000042d2      0x1db build/hal/msp432/wdt_msp432.o
 .debug_info    0x000044ad      0xa60 /home/evanwu03/ti/simplelink_msp432p4_sdk_3_40_01_02//source/ti/devices/msp432p4xx/driverlib/gcc/msp432p4xx_driverlib.a(cs.o)
 .debug_info    0x00004f0d      0x833 /home/evanwu03/ti/simplelink_msp432p4_sdk_3_40_01_02//source/ti/devices/msp432p4xx/driverlib/gcc/msp432p4xx_driverlib.a(dma.o)
 .debug_info    0x00005740      0x694 /home/evanwu03/ti/simplelink_msp432p4_sdk_3_40_01_02//source/ti/devices/msp432p4xx/driverlib/gcc/msp432p4xx_driverlib.a(interrupt.o)
 .debug_info    0x00005dd4      0xdfe /home/evanwu03/ti/simplelink_msp432p4_sdk_3_40_01_02//source/ti/devices/msp432p4xx/driverlib/gcc/msp432p4xx_driverlib.a(spi.o)
 .debug_info    0x00006bd2      0x5f0 /home/evanwu03/ti/simplelink_msp432p4_sdk_3_40_01_02//source/ti/devices/msp432p4xx/driverlib/gcc/msp432p4xx_driverlib.a(sysctl_a.o)
 .debug_info    0x000071c2      0x185 /home/evanwu03/ti/simplelink_msp432p4_sdk_3_40_01_02//source/ti/devices/msp432p4xx/driverlib/gcc/msp432p4xx_driverlib.a(cpu.o)
 .debug_info    0x00007347      0x10b /usr/lib/gcc/arm-none-eabi/13.2.1/../../../arm-none-eabi/lib/thumb/v7e-m+fp/hard/libc_nano.a(libc_a-init.o)
 .debug_info    0x00007452      0x135 /usr/lib/gcc/arm-none-eabi/13.2.1/../../../arm-none-eabi/lib/thumb/v7e-m+fp/hard/libc_nano.a(libc_a-memset.o)
 .debug_info    0x00007587      0x11b /usr/lib/gcc/arm-none-eabi/13.2.1/../../../arm-none-eabi/lib/thumb/v7e-m+fp/hard/libc_nano.a(libc_a-exit.o)
 .debug_info    0x000076a2      0x11e /usr/lib/gcc/arm-none-eabi/13.2.1/../../../arm-none-eabi/lib/thumb/v7e-m+fp/hard/libc_nano.a(libc_a-atexit.o)
 .debug_info    0x000077c0       0xf7 /usr/lib/gcc/arm-none-eabi/13.2.1/../../../arm-none-eabi/lib/thumb/v7e-m+fp/hard/libc_nano.a(libc_a-fini.o)
 .debug_info    0x000078b7      0xe8c /usr/lib/gcc/arm-none-eabi/13.2.1/../../../arm-none-eabi/lib/thumb/v7e-m+fp/hard/libc_nano.a(libc_a-findfp.o)
 .debug_info    0x00008743      0xa33 /usr/lib/gcc/arm-none-eabi/13.2.1/../../../arm-none-eabi/lib/thumb/v7e-m+fp/hard/libc_nano.a(libc_a-fflush.o)
 .debug_info    0x00009176      0x9b6 /usr/lib/gcc/arm-none-eabi/13.2.1/../../../arm-none-eabi/lib/thumb/v7e-m+fp/hard/libc_nano.a(libc_a-mallocr.o)
 .debug_info    0x00009b2c      0x87f /usr/lib/gcc/arm-none-eabi/13.2.1/../../../arm-none-eabi/lib/thumb/v7e-m+fp/hard/libc_nano.a(libc_a-freer.o)
 .debug_info    0x0000a3ab      0x7c8 /usr/lib/gcc/arm-none-eabi/13.2.1/../../../arm-none-eabi/lib/thumb/v7e-m+fp/hard/libc_nano.a(libc_a-fwalk.o)
 .debug_info    0x0000ab73      0x284 /usr/lib/gcc/arm-none-eabi/13.2.1/../../../arm-none-eabi/lib/thumb/v7e-m+fp/hard/libc_nano.a(libc_a-__atexit.o)
 .debug_info    0x0000adf7      0x71c /usr/lib/gcc/arm-none-eabi/13.2.1/../../../arm-none-eabi/lib/thumb/v7e-m+fp/hard/libc_nano.a(libc_a-mlock.o)
 .debug_info    0x0000b513      0x778 /usr/lib/gcc/arm-none-eabi/13.2.1/../../../arm-none-eabi/lib/thumb/v7e-m+fp/hard/libc_nano.a(libc_a-sbrkr.o)
 .debug_info    0x0000bc8b      0xa80 /usr/lib/gcc/arm-none-eabi/13.2.1/../../../arm-none-eabi/lib/thumb/v7e-m+fp/hard/libc_nano.a(libc_a-stdio.o)
 .debug_info    0x0000c70b      0x70b /usr/lib/gcc/arm-none-eabi/13.2.1/../../../arm-none-eabi/lib/thumb/v7e-m+fp/hard/libc_nano.a(libc_a-impure.o)
 .debug_info    0x0000ce16      0x752 /usr/lib/gcc/arm-none-eabi/13.2.1/../../../arm-none-eabi/lib/thumb/v7e-m+fp/hard/libc_nano.a(libc_a-closer.o)
 .debug_info    0x0000d568      0x235 /usr/lib/gcc/arm-none-eabi/13.2.1/../../../arm-none-eabi/lib/thumb/v7e-m+fp/hard/libc_nano.a(libc_a-__call_atexit.o)
 .debug_info    0x0000d79d      0x7b5 /usr/lib/gcc/arm-none-eabi/13.2.1/../../../arm-none-eabi/lib/thumb/v7e-m+fp/hard/libc_nano.a(libc_a-readr.o)
 .debug_info    0x0000df52      0x89f /usr/lib/gcc/arm-none-eabi/13.2.1/../../../arm-none-eabi/lib/thumb/v7e-m+fp/hard/libc_nano.a(libc_a-reent.o)
 .debug_info    0x0000e7f1      0x79e /usr/lib/gcc/arm-none-eabi/13.2.1/../../../arm-none-eabi/lib/thumb/v7e-m+fp/hard/libc_nano.a(libc_a-lseekr.o)
 .debug_info    0x0000ef8f      0x7bb /usr/lib/gcc/arm-none-eabi/13.2.1/../../../arm-none-eabi/lib/thumb/v7e-m+fp/hard/libc_nano.a(libc_a-writer.o)
 .debug_info    0x0000f74a       0xde /usr/lib/gcc/arm-none-eabi/13.2.1/../../../arm-none-eabi/lib/thumb/v7e-m+fp/hard/libnosys.a(close.o)
 .debug_info    0x0000f828      0x100 /usr/lib/gcc/arm-none-eabi/13.2.1/../../../arm-none-eabi/lib/thumb/v7e-m+fp/hard/libnosys.a(lseek.o)
 .debug_info    0x0000f928      0x106 /usr/lib/gcc/arm-none-eabi/13.2.1/../../../arm-none-eabi/lib/thumb/v7e-m+fp/hard/libnosys.a(read.o)
 .debug_info    0x0000fa2e       0xac /usr/lib/gcc/arm-none-eabi/13.2.1/../../../arm-none-eabi/lib/thumb/v7e-m+fp/hard/libnosys.a(sbrk.o)
 .debug_info    0x0000fada      0x106 /usr/lib/gcc/arm-none-eabi/13.2.1/../../../arm-none-eabi/lib/thumb/v7e-m+fp/hard/libnosys.a(write.o)
 .debug_info    0x0000fbe0       0xa4 /usr/lib/gcc/arm-none-eabi/13.2.1/../../../arm-none-eabi/lib/thumb/v7e-m+fp/hard/libnosys.a(_exit.o)

.debug_abbrev   0x00000000     0x4351
 .debug_abbrev  0x00000000       0x14 /usr/lib/gcc/arm-none-eabi/13.2.1/../../../arm-none-eabi/lib/thumb/v7e-m+fp/hard/crt0.o
 .debug_abbrev  0x00000014      0x20e build/src/main.o
 .debug_abbrev  0x00000222      0x128 build/src/system_msp432p401r.o
 .debug_abbrev  0x0000034a      0x20a build/src/video.o
 .debug_abbrev  0x00000554      0x1dc build/src/video_fsm.o
 .debug_abbrev  0x00000730       0xfe build/gcc/startup_msp432p401r_gcc.o
 .debug_abbrev  0x0000082e      0x1c5 build/LcdDriver/hal_lcd_msp432.o
 .debug_abbrev  0x000009f3      0x2e9 build/LcdDriver/lcd_st7735.o
 .debug_abbrev  0x00000cdc      0x1af build/hal/msp432/gpio_msp432.o
 .debug_abbrev  0x00000e8b      0x15e build/hal/msp432/spi_msp432.o
 .debug_abbrev  0x00000fe9      0x12f build/hal/msp432/uart_msp432.o
 .debug_abbrev  0x00001118      0x13c build/hal/msp432/wdt_msp432.o
 .debug_abbrev  0x00001254      0x1b6 /home/evanwu03/ti/simplelink_msp432p4_sdk_3_40_01_02//source/ti/devices/msp432p4xx/driverlib/gcc/msp432p4xx_driverlib.a(cs.o)
 .debug_abbrev  0x0000140a      0x1e6 /home/evanwu03/ti/simplelink_msp432p4_sdk_3_40_01_02//source/ti/devices/msp432p4xx/driverlib/gcc/msp432p4xx_driverlib.a(dma.o)
 .debug_abbrev  0x000015f0      0x1b3 /home/evanwu03/ti/simplelink_msp432p4_sdk_3_40_01_02//source/ti/devices/msp432p4xx/driverlib/gcc/msp432p4xx_driverlib.a(interrupt.o)
 .debug_abbrev  0x000017a3      0x172 /home/evanwu03/ti/simplelink_msp432p4_sdk_3_40_01_02//source/ti/devices/msp432p4xx/driverlib/gcc/msp432p4xx_driverlib.a(spi.o)
 .debug_abbrev  0x00001915      0x16b /home/evanwu03/ti/simplelink_msp432p4_sdk_3_40_01_02//source/ti/devices/msp432p4xx/driverlib/gcc/msp432p4xx_driverlib.a(sysctl_a.o)
 .debug_abbrev  0x00001a80      0x102 /home/evanwu03/ti/simplelink_msp432p4_sdk_3_40_01_02//source/ti/devices/msp432p4xx/driverlib/gcc/msp432p4xx_driverlib.a(cpu.o)
 .debug_abbrev  0x00001b82       0xc9 /usr/lib/gcc/arm-none-eabi/13.2.1/../../../arm-none-eabi/lib/thumb/v7e-m+fp/hard/libc_nano.a(libc_a-init.o)
 .debug_abbrev  0x00001c4b       0xb7 /usr/lib/gcc/arm-none-eabi/13.2.1/../../../arm-none-eabi/lib/thumb/v7e-m+fp/hard/libc_nano.a(libc_a-memset.o)
 .debug_abbrev  0x00001d02       0xd8 /usr/lib/gcc/arm-none-eabi/13.2.1/../../../arm-none-eabi/lib/thumb/v7e-m+fp/hard/libc_nano.a(libc_a-exit.o)
 .debug_abbrev  0x00001dda       0xc1 /usr/lib/gcc/arm-none-eabi/13.2.1/../../../arm-none-eabi/lib/thumb/v7e-m+fp/hard/libc_nano.a(libc_a-atexit.o)
 .debug_abbrev  0x00001e9b       0xcc /usr/lib/gcc/arm-none-eabi/13.2.1/../../../arm-none-eabi/lib/thumb/v7e-m+fp/hard/libc_nano.a(libc_a-fini.o)
 .debug_abbrev  0x00001f67      0x408 /usr/lib/gcc/arm-none-eabi/13.2.1/../../../arm-none-eabi/lib/thumb/v7e-m+fp/hard/libc_nano.a(libc_a-findfp.o)
 .debug_abbrev  0x0000236f      0x2e4 /usr/lib/gcc/arm-none-eabi/13.2.1/../../../arm-none-eabi/lib/thumb/v7e-m+fp/hard/libc_nano.a(libc_a-fflush.o)
 .debug_abbrev  0x00002653      0x24a /usr/lib/gcc/arm-none-eabi/13.2.1/../../../arm-none-eabi/lib/thumb/v7e-m+fp/hard/libc_nano.a(libc_a-mallocr.o)
 .debug_abbrev  0x0000289d      0x249 /usr/lib/gcc/arm-none-eabi/13.2.1/../../../arm-none-eabi/lib/thumb/v7e-m+fp/hard/libc_nano.a(libc_a-freer.o)
 .debug_abbrev  0x00002ae6      0x19b /usr/lib/gcc/arm-none-eabi/13.2.1/../../../arm-none-eabi/lib/thumb/v7e-m+fp/hard/libc_nano.a(libc_a-fwalk.o)
 .debug_abbrev  0x00002c81      0x1d4 /usr/lib/gcc/arm-none-eabi/13.2.1/../../../arm-none-eabi/lib/thumb/v7e-m+fp/hard/libc_nano.a(libc_a-__atexit.o)
 .debug_abbrev  0x00002e55      0x192 /usr/lib/gcc/arm-none-eabi/13.2.1/../../../arm-none-eabi/lib/thumb/v7e-m+fp/hard/libc_nano.a(libc_a-mlock.o)
 .debug_abbrev  0x00002fe7      0x1da /usr/lib/gcc/arm-none-eabi/13.2.1/../../../arm-none-eabi/lib/thumb/v7e-m+fp/hard/libc_nano.a(libc_a-sbrkr.o)
 .debug_abbrev  0x000031c1      0x224 /usr/lib/gcc/arm-none-eabi/13.2.1/../../../arm-none-eabi/lib/thumb/v7e-m+fp/hard/libc_nano.a(libc_a-stdio.o)
 .debug_abbrev  0x000033e5      0x149 /usr/lib/gcc/arm-none-eabi/13.2.1/../../../arm-none-eabi/lib/thumb/v7e-m+fp/hard/libc_nano.a(libc_a-impure.o)
 .debug_abbrev  0x0000352e      0x1b0 /usr/lib/gcc/arm-none-eabi/13.2.1/../../../arm-none-eabi/lib/thumb/v7e-m+fp/hard/libc_nano.a(libc_a-closer.o)
 .debug_abbrev  0x000036de      0x179 /usr/lib/gcc/arm-none-eabi/13.2.1/../../../arm-none-eabi/lib/thumb/v7e-m+fp/hard/libc_nano.a(libc_a-__call_atexit.o)
 .debug_abbrev  0x00003857      0x1b0 /usr/lib/gcc/arm-none-eabi/13.2.1/../../../arm-none-eabi/lib/thumb/v7e-m+fp/hard/libc_nano.a(libc_a-readr.o)
 .debug_abbrev  0x00003a07      0x1ee /usr/lib/gcc/arm-none-eabi/13.2.1/../../../arm-none-eabi/lib/thumb/v7e-m+fp/hard/libc_nano.a(libc_a-reent.o)
 .debug_abbrev  0x00003bf5      0x1c4 /usr/lib/gcc/arm-none-eabi/13.2.1/../../../arm-none-eabi/lib/thumb/v7e-m+fp/hard/libc_nano.a(libc_a-lseekr.o)
 .debug_abbrev  0x00003db9      0x1b5 /usr/lib/gcc/arm-none-eabi/13.2.1/../../../arm-none-eabi/lib/thumb/v7e-m+fp/hard/libc_nano.a(libc_a-writer.o)
 .debug_abbrev  0x00003f6e       0x96 /usr/lib/gcc/arm-none-eabi/13.2.1/../../../arm-none-eabi/lib/thumb/v7e-m+fp/hard/libnosys.a(close.o)
 .debug_abbrev  0x00004004       0xbb /usr/lib/gcc/arm-none-eabi/13.2.1/../../../arm-none-eabi/lib/thumb/v7e-m+fp/hard/libnosys.a(lseek.o)
 .debug_abbrev  0x000040bf       0xc4 /usr/lib/gcc/arm-none-eabi/13.2.1/../../../arm-none-eabi/lib/thumb/v7e-m+fp/hard/libnosys.a(read.o)
 .debug_abbrev  0x00004183       0xa1 /usr/lib/gcc/arm-none-eabi/13.2.1/../../../arm-none-eabi/lib/thumb/v7e-m+fp/hard/libnosys.a(sbrk.o)
 .debug_abbrev  0x00004224       0xc4 /usr/lib/gcc/arm-none-eabi/13.2.1/../../../arm-none-eabi/lib/thumb/v7e-m+fp/hard/libnosys.a(write.o)
 .debug_abbrev  0x000042e8       0x69 /usr/lib/gcc/arm-none-eabi/13.2.1/../../../arm-none-eabi/lib/thumb/v7e-m+fp/hard/libnosys.a(_exit.o)

.debug_aranges  0x00000000      0xbe0
 .debug_aranges
                0x00000000       0x20 /usr/lib/gcc/arm-none-eabi/13.2.1/../../../arm-none-eabi/lib/thumb/v7e-m+fp/hard/crt0.o
 .debug_aranges
                0x00000020       0x20 build/src/main.o
 .debug_aranges
                0x00000040       0x28 build/src/system_msp432p401r.o
 .debug_aranges
                0x00000068       0x70 build/src/video.o
 .debug_aranges
                0x000000d8       0x50 build/src/video_fsm.o
 .debug_aranges
                0x00000128       0x28 build/gcc/startup_msp432p401r_gcc.o
 .debug_aranges
                0x00000150       0x40 build/LcdDriver/hal_lcd_msp432.o
 .debug_aranges
                0x00000190       0x68 build/LcdDriver/lcd_st7735.o
 .debug_aranges
                0x000001f8       0x50 build/hal/msp432/gpio_msp432.o
 .debug_aranges
                0x00000248       0x50 build/hal/msp432/spi_msp432.o
 .debug_aranges
                0x00000298       0x40 build/hal/msp432/uart_msp432.o
 .debug_aranges
                0x000002d8       0x28 build/hal/msp432/wdt_msp432.o
 .debug_aranges
                0x00000300      0x138 /home/evanwu03/ti/simplelink_msp432p4_sdk_3_40_01_02//source/ti/devices/msp432p4xx/driverlib/gcc/msp432p4xx_driverlib.a(cs.o)
 .debug_aranges
                0x00000438       0xf8 /home/evanwu03/ti/simplelink_msp432p4_sdk_3_40_01_02//source/ti/devices/msp432p4xx/driverlib/gcc/msp432p4xx_driverlib.a(dma.o)
 .debug_aranges
                0x00000530       0xb8 /home/evanwu03/ti/simplelink_msp432p4_sdk_3_40_01_02//source/ti/devices/msp432p4xx/driverlib/gcc/msp432p4xx_driverlib.a(interrupt.o)
 .debug_aranges
                0x000005e8      0x1a8 /home/evanwu03/ti/simplelink_msp432p4_sdk_3_40_01_02//source/ti/devices/msp432p4xx/driverlib/gcc/msp432p4xx_driverlib.a(spi.o)
 .debug_aranges
                0x00000790       0xb0 /home/evanwu03/ti/simplelink_msp432p4_sdk_3_40_01_02//source/ti/devices/msp432p4xx/driverlib/gcc/msp432p4xx_driverlib.a(sysctl_a.o)
 .debug_aranges
                0x00000840       0x48 /home/evanwu03/ti/simplelink_msp432p4_sdk_3_40_01_02//source/ti/devices/msp432p4xx/driverlib/gcc/msp432p4xx_driverlib.a(cpu.o)
 .debug_aranges
                0x00000888       0x20 /usr/lib/gcc/arm-none-eabi/13.2.1/../../../arm-none-eabi/lib/thumb/v7e-m+fp/hard/libc_nano.a(libc_a-init.o)
 .debug_aranges
                0x000008a8       0x20 /usr/lib/gcc/arm-none-eabi/13.2.1/../../../arm-none-eabi/lib/thumb/v7e-m+fp/hard/libc_nano.a(libc_a-memset.o)
 .debug_aranges
                0x000008c8       0x20 /usr/lib/gcc/arm-none-eabi/13.2.1/../../../arm-none-eabi/lib/thumb/v7e-m+fp/hard/libc_nano.a(libc_a-exit.o)
 .debug_aranges
                0x000008e8       0x20 /usr/lib/gcc/arm-none-eabi/13.2.1/../../../arm-none-eabi/lib/thumb/v7e-m+fp/hard/libc_nano.a(libc_a-atexit.o)
 .debug_aranges
                0x00000908       0x20 /usr/lib/gcc/arm-none-eabi/13.2.1/../../../arm-none-eabi/lib/thumb/v7e-m+fp/hard/libc_nano.a(libc_a-fini.o)
 .debug_aranges
                0x00000928       0x20 /usr/lib/gcc/arm-none-eabi/13.2.1/../../../arm-none-eabi/lib/thumb/v7e-m+fp/hard/libc_nano.a(libc_a-findfp.o)
 .debug_aranges
                0x00000948       0x20 /usr/lib/gcc/arm-none-eabi/13.2.1/../../../arm-none-eabi/lib/thumb/v7e-m+fp/hard/libc_nano.a(libc_a-fflush.o)
 .debug_aranges
                0x00000968       0x20 /usr/lib/gcc/arm-none-eabi/13.2.1/../../../arm-none-eabi/lib/thumb/v7e-m+fp/hard/libc_nano.a(libc_a-mallocr.o)
 .debug_aranges
                0x00000988       0x20 /usr/lib/gcc/arm-none-eabi/13.2.1/../../../arm-none-eabi/lib/thumb/v7e-m+fp/hard/libc_nano.a(libc_a-freer.o)
 .debug_aranges
                0x000009a8       0x20 /usr/lib/gcc/arm-none-eabi/13.2.1/../../../arm-none-eabi/lib/thumb/v7e-m+fp/hard/libc_nano.a(libc_a-fwalk.o)
 .debug_aranges
                0x000009c8       0x20 /usr/lib/gcc/arm-none-eabi/13.2.1/../../../arm-none-eabi/lib/thumb/v7e-m+fp/hard/libc_nano.a(libc_a-__atexit.o)
 .debug_aranges
                0x000009e8       0x20 /usr/lib/gcc/arm-none-eabi/13.2.1/../../../arm-none-eabi/lib/thumb/v7e-m+fp/hard/libc_nano.a(libc_a-mlock.o)
 .debug_aranges
                0x00000a08       0x20 /usr/lib/gcc/arm-none-eabi/13.2.1/../../../arm-none-eabi/lib/thumb/v7e-m+fp/hard/libc_nano.a(libc_a-sbrkr.o)
 .debug_aranges
                0x00000a28       0x20 /usr/lib/gcc/arm-none-eabi/13.2.1/../../../arm-none-eabi/lib/thumb/v7e-m+fp/hard/libc_nano.a(libc_a-stdio.o)
 .debug_aranges
                0x00000a48       0x18 /usr/lib/gcc/arm-none-eabi/13.2.1/../../../arm-none-eabi/lib/thumb/v7e-m+fp/hard/libc_nano.a(libc_a-impure.o)
 .debug_aranges
                0x00000a60       0x20 /usr/lib/gcc/arm-none-eabi/13.2.1/../../../arm-none-eabi/lib/thumb/v7e-m+fp/hard/libc_nano.a(libc_a-closer.o)
 .debug_aranges
                0x00000a80       0x20 /usr/lib/gcc/arm-none-eabi/13.2.1/../../../arm-none-eabi/lib/thumb/v7e-m+fp/hard/libc_nano.a(libc_a-__call_atexit.o)
 .debug_aranges
                0x00000aa0       0x20 /usr/lib/gcc/arm-none-eabi/13.2.1/../../../arm-none-eabi/lib/thumb/v7e-m+fp/hard/libc_nano.a(libc_a-readr.o)
 .debug_aranges
                0x00000ac0       0x20 /usr/lib/gcc/arm-none-eabi/13.2.1/../../../arm-none-eabi/lib/thumb/v7e-m+fp/hard/libc_nano.a(libc_a-reent.o)
 .debug_aranges
                0x00000ae0       0x20 /usr/lib/gcc/arm-none-eabi/13.2.1/../../../arm-none-eabi/lib/thumb/v7e-m+fp/hard/libc_nano.a(libc_a-lseekr.o)
 .debug_aranges
                0x00000b00       0x20 /usr/lib/gcc/arm-none-eabi/13.2.1/../../../arm-none-eabi/lib/thumb/v7e-m+fp/hard/libc_nano.a(libc_a-writer.o)
 .debug_aranges
                0x00000b20       0x20 /usr/lib/gcc/arm-none-eabi/13.2.1/../../../arm-none-eabi/lib/thumb/v7e-m+fp/hard/libnosys.a(close.o)
 .debug_aranges
                0x00000b40       0x20 /usr/lib/gcc/arm-none-eabi/13.2.1/../../../arm-none-eabi/lib/thumb/v7e-m+fp/hard/libnosys.a(lseek.o)
 .debug_aranges
                0x00000b60       0x20 /usr/lib/gcc/arm-none-eabi/13.2.1/../../../arm-none-eabi/lib/thumb/v7e-m+fp/hard/libnosys.a(read.o)
 .debug_aranges
                0x00000b80       0x20 /usr/lib/gcc/arm-none-eabi/13.2.1/../../../arm-none-eabi/lib/thumb/v7e-m+fp/hard/libnosys.a(sbrk.o)
 .debug_aranges
                0x00000ba0       0x20 /usr/lib/gcc/arm-none-eabi/13.2.1/../../../arm-none-eabi/lib/thumb/v7e-m+fp/hard/libnosys.a(write.o)
 .debug_aranges
                0x00000bc0       0x20 /usr/lib/gcc/arm-none-eabi/13.2.1/../../../arm-none-eabi/lib/thumb/v7e-m+fp/hard/libnosys.a(_exit.o)

.debug_str      0x00000000     0x42d4
 .debug_str     0x00000000     0x42d4 /usr/lib/gcc/arm-none-eabi/13.2.1/../../../arm-none-eabi/lib/thumb/v7e-m+fp/hard/crt0.o
                                 0x8e (size before relaxing)
 .debug_str     0x000042d4      0x6e2 build/src/main.o
 .debug_str     0x000042d4      0xa58 build/src/system_msp432p401r.o
 .debug_str     0x000042d4      0x53c build/src/video.o
 .debug_str     0x000042d4      0x69c build/src/video_fsm.o
 .debug_str     0x000042d4      0x217 build/gcc/startup_msp432p401r_gcc.o
 .debug_str     0x000042d4      0x61d build/LcdDriver/hal_lcd_msp432.o
 .debug_str     0x000042d4      0x898 build/LcdDriver/lcd_st7735.o
 .debug_str     0x000042d4      0x44e build/hal/msp432/gpio_msp432.o
 .debug_str     0x000042d4      0x44f build/hal/msp432/spi_msp432.o
 .debug_str     0x000042d4      0x439 build/hal/msp432/uart_msp432.o
 .debug_str     0x000042d4      0x21b build/hal/msp432/wdt_msp432.o
 .debug_str     0x000042d4      0x94f /home/evanwu03/ti/simplelink_msp432p4_sdk_3_40_01_02//source/ti/devices/msp432p4xx/driverlib/gcc/msp432p4xx_driverlib.a(cs.o)
 .debug_str     0x000042d4      0x6bc /home/evanwu03/ti/simplelink_msp432p4_sdk_3_40_01_02//source/ti/devices/msp432p4xx/driverlib/gcc/msp432p4xx_driverlib.a(dma.o)
 .debug_str     0x000042d4      0x5a6 /home/evanwu03/ti/simplelink_msp432p4_sdk_3_40_01_02//source/ti/devices/msp432p4xx/driverlib/gcc/msp432p4xx_driverlib.a(interrupt.o)
 .debug_str     0x000042d4      0x93e /home/evanwu03/ti/simplelink_msp432p4_sdk_3_40_01_02//source/ti/devices/msp432p4xx/driverlib/gcc/msp432p4xx_driverlib.a(spi.o)
 .debug_str     0x000042d4      0x6a3 /home/evanwu03/ti/simplelink_msp432p4_sdk_3_40_01_02//source/ti/devices/msp432p4xx/driverlib/gcc/msp432p4xx_driverlib.a(sysctl_a.o)
 .debug_str     0x000042d4      0x276 /home/evanwu03/ti/simplelink_msp432p4_sdk_3_40_01_02//source/ti/devices/msp432p4xx/driverlib/gcc/msp432p4xx_driverlib.a(cpu.o)
 .debug_str     0x000042d4      0x1fa /usr/lib/gcc/arm-none-eabi/13.2.1/../../../arm-none-eabi/lib/thumb/v7e-m+fp/hard/libc_nano.a(libc_a-init.o)
 .debug_str     0x000042d4      0x1ad /usr/lib/gcc/arm-none-eabi/13.2.1/../../../arm-none-eabi/lib/thumb/v7e-m+fp/hard/libc_nano.a(libc_a-memset.o)
 .debug_str     0x000042d4      0x1bf /usr/lib/gcc/arm-none-eabi/13.2.1/../../../arm-none-eabi/lib/thumb/v7e-m+fp/hard/libc_nano.a(libc_a-exit.o)
 .debug_str     0x000042d4      0x1d6 /usr/lib/gcc/arm-none-eabi/13.2.1/../../../arm-none-eabi/lib/thumb/v7e-m+fp/hard/libc_nano.a(libc_a-atexit.o)
 .debug_str     0x000042d4      0x1d0 /usr/lib/gcc/arm-none-eabi/13.2.1/../../../arm-none-eabi/lib/thumb/v7e-m+fp/hard/libc_nano.a(libc_a-fini.o)
 .debug_str     0x000042d4      0x6bf /usr/lib/gcc/arm-none-eabi/13.2.1/../../../arm-none-eabi/lib/thumb/v7e-m+fp/hard/libc_nano.a(libc_a-findfp.o)
 .debug_str     0x000042d4      0x543 /usr/lib/gcc/arm-none-eabi/13.2.1/../../../arm-none-eabi/lib/thumb/v7e-m+fp/hard/libc_nano.a(libc_a-fflush.o)
 .debug_str     0x000042d4      0x59d /usr/lib/gcc/arm-none-eabi/13.2.1/../../../arm-none-eabi/lib/thumb/v7e-m+fp/hard/libc_nano.a(libc_a-mallocr.o)
 .debug_str     0x000042d4      0x53c /usr/lib/gcc/arm-none-eabi/13.2.1/../../../arm-none-eabi/lib/thumb/v7e-m+fp/hard/libc_nano.a(libc_a-freer.o)
 .debug_str     0x000042d4      0x4cc /usr/lib/gcc/arm-none-eabi/13.2.1/../../../arm-none-eabi/lib/thumb/v7e-m+fp/hard/libc_nano.a(libc_a-fwalk.o)
 .debug_str     0x000042d4      0x290 /usr/lib/gcc/arm-none-eabi/13.2.1/../../../arm-none-eabi/lib/thumb/v7e-m+fp/hard/libc_nano.a(libc_a-__atexit.o)
 .debug_str     0x000042d4      0x4da /usr/lib/gcc/arm-none-eabi/13.2.1/../../../arm-none-eabi/lib/thumb/v7e-m+fp/hard/libc_nano.a(libc_a-mlock.o)
 .debug_str     0x000042d4      0x4c5 /usr/lib/gcc/arm-none-eabi/13.2.1/../../../arm-none-eabi/lib/thumb/v7e-m+fp/hard/libc_nano.a(libc_a-sbrkr.o)
 .debug_str     0x000042d4      0x529 /usr/lib/gcc/arm-none-eabi/13.2.1/../../../arm-none-eabi/lib/thumb/v7e-m+fp/hard/libc_nano.a(libc_a-stdio.o)
 .debug_str     0x000042d4      0x4bc /usr/lib/gcc/arm-none-eabi/13.2.1/../../../arm-none-eabi/lib/thumb/v7e-m+fp/hard/libc_nano.a(libc_a-impure.o)
 .debug_str     0x000042d4      0x4b2 /usr/lib/gcc/arm-none-eabi/13.2.1/../../../arm-none-eabi/lib/thumb/v7e-m+fp/hard/libc_nano.a(libc_a-closer.o)
 .debug_str     0x000042d4      0x242 /usr/lib/gcc/arm-none-eabi/13.2.1/../../../arm-none-eabi/lib/thumb/v7e-m+fp/hard/libc_nano.a(libc_a-__call_atexit.o)
 .debug_str     0x000042d4      0x4c0 /usr/lib/gcc/arm-none-eabi/13.2.1/../../../arm-none-eabi/lib/thumb/v7e-m+fp/hard/libc_nano.a(libc_a-readr.o)
 .debug_str     0x000042d4      0x4db /usr/lib/gcc/arm-none-eabi/13.2.1/../../../arm-none-eabi/lib/thumb/v7e-m+fp/hard/libc_nano.a(libc_a-reent.o)
 .debug_str     0x000042d4      0x4c0 /usr/lib/gcc/arm-none-eabi/13.2.1/../../../arm-none-eabi/lib/thumb/v7e-m+fp/hard/libc_nano.a(libc_a-lseekr.o)
 .debug_str     0x000042d4      0x4c2 /usr/lib/gcc/arm-none-eabi/13.2.1/../../../arm-none-eabi/lib/thumb/v7e-m+fp/hard/libc_nano.a(libc_a-writer.o)
 .debug_str     0x000042d4      0x198 /usr/lib/gcc/arm-none-eabi/13.2.1/../../../arm-none-eabi/lib/thumb/v7e-m+fp/hard/libnosys.a(close.o)
 .debug_str     0x000042d4      0x196 /usr/lib/gcc/arm-none-eabi/13.2.1/../../../arm-none-eabi/lib/thumb/v7e-m+fp/hard/libnosys.a(lseek.o)
 .debug_str     0x000042d4      0x193 /usr/lib/gcc/arm-none-eabi/13.2.1/../../../arm-none-eabi/lib/thumb/v7e-m+fp/hard/libnosys.a(read.o)
 .debug_str     0x000042d4      0x11d /usr/lib/gcc/arm-none-eabi/13.2.1/../../../arm-none-eabi/lib/thumb/v7e-m+fp/hard/libnosys.a(sbrk.o)
 .debug_str     0x000042d4      0x196 /usr/lib/gcc/arm-none-eabi/13.2.1/../../../arm-none-eabi/lib/thumb/v7e-m+fp/hard/libnosys.a(write.o)
 .debug_str     0x000042d4      0x169 /usr/lib/gcc/arm-none-eabi/13.2.1/../../../arm-none-eabi/lib/thumb/v7e-m+fp/hard/libnosys.a(_exit.o)

.debug_rnglists
                0x00000000      0x366
 .debug_rnglists
                0x00000000       0x14 build/src/main.o
 .debug_rnglists
                0x00000014       0x1b build/src/system_msp432p401r.o
 .debug_rnglists
                0x0000002f       0x54 build/src/video.o
 .debug_rnglists
                0x00000083       0x38 build/src/video_fsm.o
 .debug_rnglists
                0x000000bb       0x19 build/gcc/startup_msp432p401r_gcc.o
 .debug_rnglists
                0x000000d4       0x2b build/LcdDriver/hal_lcd_msp432.o
 .debug_rnglists
                0x000000ff       0x4c build/LcdDriver/lcd_st7735.o
 .debug_rnglists
                0x0000014b       0x71 build/hal/msp432/gpio_msp432.o
 .debug_rnglists
                0x000001bc       0x38 build/hal/msp432/spi_msp432.o
 .debug_rnglists
                0x000001f4       0x2c build/hal/msp432/uart_msp432.o
 .debug_rnglists
                0x00000220       0x19 build/hal/msp432/wdt_msp432.o
 .debug_rnglists
                0x00000239       0x77 /usr/lib/gcc/arm-none-eabi/13.2.1/../../../arm-none-eabi/lib/thumb/v7e-m+fp/hard/libc_nano.a(libc_a-findfp.o)
 .debug_rnglists
                0x000002b0       0x59 /usr/lib/gcc/arm-none-eabi/13.2.1/../../../arm-none-eabi/lib/thumb/v7e-m+fp/hard/libc_nano.a(libc_a-fflush.o)
 .debug_rnglists
                0x00000309       0x1e /usr/lib/gcc/arm-none-eabi/13.2.1/../../../arm-none-eabi/lib/thumb/v7e-m+fp/hard/libc_nano.a(libc_a-mallocr.o)
 .debug_rnglists
                0x00000327       0x13 /usr/lib/gcc/arm-none-eabi/13.2.1/../../../arm-none-eabi/lib/thumb/v7e-m+fp/hard/libc_nano.a(libc_a-freer.o)
 .debug_rnglists
                0x0000033a       0x2c /usr/lib/gcc/arm-none-eabi/13.2.1/../../../arm-none-eabi/lib/thumb/v7e-m+fp/hard/libc_nano.a(libc_a-__call_atexit.o)

.debug_frame    0x00000000     0x2690
 .debug_frame   0x00000000       0x2c build/src/main.o
 .debug_frame   0x0000002c       0x58 build/src/system_msp432p401r.o
 .debug_frame   0x00000084      0x1c0 build/src/video.o
 .debug_frame   0x00000244      0x114 build/src/video_fsm.o
 .debug_frame   0x00000358       0x4c build/gcc/startup_msp432p401r_gcc.o
 .debug_frame   0x000003a4       0xb8 build/LcdDriver/hal_lcd_msp432.o
 .debug_frame   0x0000045c      0x168 build/LcdDriver/lcd_st7735.o
 .debug_frame   0x000005c4      0x110 build/hal/msp432/gpio_msp432.o
 .debug_frame   0x000006d4      0x128 build/hal/msp432/spi_msp432.o
 .debug_frame   0x000007fc       0xd8 build/hal/msp432/uart_msp432.o
 .debug_frame   0x000008d4       0x60 build/hal/msp432/wdt_msp432.o
 .debug_frame   0x00000934      0x53c /home/evanwu03/ti/simplelink_msp432p4_sdk_3_40_01_02//source/ti/devices/msp432p4xx/driverlib/gcc/msp432p4xx_driverlib.a(cs.o)
 .debug_frame   0x00000e70      0x434 /home/evanwu03/ti/simplelink_msp432p4_sdk_3_40_01_02//source/ti/devices/msp432p4xx/driverlib/gcc/msp432p4xx_driverlib.a(dma.o)
 .debug_frame   0x000012a4      0x2e0 /home/evanwu03/ti/simplelink_msp432p4_sdk_3_40_01_02//source/ti/devices/msp432p4xx/driverlib/gcc/msp432p4xx_driverlib.a(interrupt.o)
 .debug_frame   0x00001584      0x794 /home/evanwu03/ti/simplelink_msp432p4_sdk_3_40_01_02//source/ti/devices/msp432p4xx/driverlib/gcc/msp432p4xx_driverlib.a(spi.o)
 .debug_frame   0x00001d18      0x2c8 /home/evanwu03/ti/simplelink_msp432p4_sdk_3_40_01_02//source/ti/devices/msp432p4xx/driverlib/gcc/msp432p4xx_driverlib.a(sysctl_a.o)
 .debug_frame   0x00001fe0       0x70 /home/evanwu03/ti/simplelink_msp432p4_sdk_3_40_01_02//source/ti/devices/msp432p4xx/driverlib/gcc/msp432p4xx_driverlib.a(cpu.o)
 .debug_frame   0x00002050       0x2c /usr/lib/gcc/arm-none-eabi/13.2.1/../../../arm-none-eabi/lib/thumb/v7e-m+fp/hard/libc_nano.a(libc_a-init.o)
 .debug_frame   0x0000207c       0x2c /usr/lib/gcc/arm-none-eabi/13.2.1/../../../arm-none-eabi/lib/thumb/v7e-m+fp/hard/libc_nano.a(libc_a-memset.o)
 .debug_frame   0x000020a8       0x28 /usr/lib/gcc/arm-none-eabi/13.2.1/../../../arm-none-eabi/lib/thumb/v7e-m+fp/hard/libc_nano.a(libc_a-exit.o)
 .debug_frame   0x000020d0       0x20 /usr/lib/gcc/arm-none-eabi/13.2.1/../../../arm-none-eabi/lib/thumb/v7e-m+fp/hard/libc_nano.a(libc_a-atexit.o)
 .debug_frame   0x000020f0       0x34 /usr/lib/gcc/arm-none-eabi/13.2.1/../../../arm-none-eabi/lib/thumb/v7e-m+fp/hard/libc_nano.a(libc_a-fini.o)
 .debug_frame   0x00002124       0xf4 /usr/lib/gcc/arm-none-eabi/13.2.1/../../../arm-none-eabi/lib/thumb/v7e-m+fp/hard/libc_nano.a(libc_a-findfp.o)
 .debug_frame   0x00002218       0x8c /usr/lib/gcc/arm-none-eabi/13.2.1/../../../arm-none-eabi/lib/thumb/v7e-m+fp/hard/libc_nano.a(libc_a-fflush.o)
 .debug_frame   0x000022a4       0x50 /usr/lib/gcc/arm-none-eabi/13.2.1/../../../arm-none-eabi/lib/thumb/v7e-m+fp/hard/libc_nano.a(libc_a-mallocr.o)
 .debug_frame   0x000022f4       0x58 /usr/lib/gcc/arm-none-eabi/13.2.1/../../../arm-none-eabi/lib/thumb/v7e-m+fp/hard/libc_nano.a(libc_a-freer.o)
 .debug_frame   0x0000234c       0x34 /usr/lib/gcc/arm-none-eabi/13.2.1/../../../arm-none-eabi/lib/thumb/v7e-m+fp/hard/libc_nano.a(libc_a-fwalk.o)
 .debug_frame   0x00002380       0x38 /usr/lib/gcc/arm-none-eabi/13.2.1/../../../arm-none-eabi/lib/thumb/v7e-m+fp/hard/libc_nano.a(libc_a-__atexit.o)
 .debug_frame   0x000023b8       0x30 /usr/lib/gcc/arm-none-eabi/13.2.1/../../../arm-none-eabi/lib/thumb/v7e-m+fp/hard/libc_nano.a(libc_a-mlock.o)
 .debug_frame   0x000023e8       0x2c /usr/lib/gcc/arm-none-eabi/13.2.1/../../../arm-none-eabi/lib/thumb/v7e-m+fp/hard/libc_nano.a(libc_a-sbrkr.o)
 .debug_frame   0x00002414       0x8c /usr/lib/gcc/arm-none-eabi/13.2.1/../../../arm-none-eabi/lib/thumb/v7e-m+fp/hard/libc_nano.a(libc_a-stdio.o)
 .debug_frame   0x000024a0       0x2c /usr/lib/gcc/arm-none-eabi/13.2.1/../../../arm-none-eabi/lib/thumb/v7e-m+fp/hard/libc_nano.a(libc_a-closer.o)
 .debug_frame   0x000024cc       0x40 /usr/lib/gcc/arm-none-eabi/13.2.1/../../../arm-none-eabi/lib/thumb/v7e-m+fp/hard/libc_nano.a(libc_a-__call_atexit.o)
 .debug_frame   0x0000250c       0x2c /usr/lib/gcc/arm-none-eabi/13.2.1/../../../arm-none-eabi/lib/thumb/v7e-m+fp/hard/libc_nano.a(libc_a-readr.o)
 .debug_frame   0x00002538       0x40 /usr/lib/gcc/arm-none-eabi/13.2.1/../../../arm-none-eabi/lib/thumb/v7e-m+fp/hard/libc_nano.a(libc_a-reent.o)
 .debug_frame   0x00002578       0x2c /usr/lib/gcc/arm-none-eabi/13.2.1/../../../arm-none-eabi/lib/thumb/v7e-m+fp/hard/libc_nano.a(libc_a-lseekr.o)
 .debug_frame   0x000025a4       0x2c /usr/lib/gcc/arm-none-eabi/13.2.1/../../../arm-none-eabi/lib/thumb/v7e-m+fp/hard/libc_nano.a(libc_a-writer.o)
 .debug_frame   0x000025d0       0x20 /usr/lib/gcc/arm-none-eabi/13.2.1/../../../arm-none-eabi/lib/thumb/v7e-m+fp/hard/libnosys.a(close.o)
 .debug_frame   0x000025f0       0x20 /usr/lib/gcc/arm-none-eabi/13.2.1/../../../arm-none-eabi/lib/thumb/v7e-m+fp/hard/libnosys.a(lseek.o)